Archive member included to satisfy reference by file (symbol)

/opt/mcuxpresso-ide/ide/plugins/com.nxp.mcuxpresso.tools.linux_11.7.1.202301190959/tools/bin/../lib/gcc/arm-none-eabi/10.3.1/../../../../arm-none-eabi/lib/thumb/v7e-m+fp/hard/libcr_nohost_nf.a(_cr__main.o)
                              ./startup/startup_mk64f12.o (__main)
/opt/mcuxpresso-ide/ide/plugins/com.nxp.mcuxpresso.tools.linux_11.7.1.202301190959/tools/bin/../lib/gcc/arm-none-eabi/10.3.1/../../../../arm-none-eabi/lib/thumb/v7e-m+fp/hard/libcr_c.a(memcpy.o)
                              ./utilities/fsl_debug_console.o (memcpy)
/opt/mcuxpresso-ide/ide/plugins/com.nxp.mcuxpresso.tools.linux_11.7.1.202301190959/tools/bin/../lib/gcc/arm-none-eabi/10.3.1/../../../../arm-none-eabi/lib/thumb/v7e-m+fp/hard/libcr_c.a(memset.o)
                              ./drivers/fsl_ftfx_cache.o (memset)
/opt/mcuxpresso-ide/ide/plugins/com.nxp.mcuxpresso.tools.linux_11.7.1.202301190959/tools/bin/../lib/gcc/arm-none-eabi/10.3.1/../../../../arm-none-eabi/lib/thumb/v7e-m+fp/hard/libcr_c.a(alloc.o)
                              ./drivers/fsl_common.o (malloc)
/opt/mcuxpresso-ide/ide/plugins/com.nxp.mcuxpresso.tools.linux_11.7.1.202301190959/tools/bin/../lib/gcc/arm-none-eabi/10.3.1/../../../../arm-none-eabi/lib/thumb/v7e-m+fp/hard/libcr_c.a(initio.o)
                              /opt/mcuxpresso-ide/ide/plugins/com.nxp.mcuxpresso.tools.linux_11.7.1.202301190959/tools/bin/../lib/gcc/arm-none-eabi/10.3.1/../../../../arm-none-eabi/lib/thumb/v7e-m+fp/hard/libcr_nohost_nf.a(_cr__main.o) (_initio)
/opt/mcuxpresso-ide/ide/plugins/com.nxp.mcuxpresso.tools.linux_11.7.1.202301190959/tools/bin/../lib/gcc/arm-none-eabi/10.3.1/../../../../arm-none-eabi/lib/thumb/v7e-m+fp/hard/libcr_c.a(setvbuf.o)
                              /opt/mcuxpresso-ide/ide/plugins/com.nxp.mcuxpresso.tools.linux_11.7.1.202301190959/tools/bin/../lib/gcc/arm-none-eabi/10.3.1/../../../../arm-none-eabi/lib/thumb/v7e-m+fp/hard/libcr_c.a(initio.o) (setvbuf)
/opt/mcuxpresso-ide/ide/plugins/com.nxp.mcuxpresso.tools.linux_11.7.1.202301190959/tools/bin/../lib/gcc/arm-none-eabi/10.3.1/../../../../arm-none-eabi/lib/thumb/v7e-m+fp/hard/libcr_c.a(strlen.o)
                              ./utilities/fsl_debug_console.o (strlen)
/opt/mcuxpresso-ide/ide/plugins/com.nxp.mcuxpresso.tools.linux_11.7.1.202301190959/tools/bin/../lib/gcc/arm-none-eabi/10.3.1/../../../../arm-none-eabi/lib/thumb/v7e-m+fp/hard/libcr_c.a(__init_alloc.o)
                              /opt/mcuxpresso-ide/ide/plugins/com.nxp.mcuxpresso.tools.linux_11.7.1.202301190959/tools/bin/../lib/gcc/arm-none-eabi/10.3.1/../../../../arm-none-eabi/lib/thumb/v7e-m+fp/hard/libcr_c.a(alloc.o) (__heaps)
/opt/mcuxpresso-ide/ide/plugins/com.nxp.mcuxpresso.tools.linux_11.7.1.202301190959/tools/bin/../lib/gcc/arm-none-eabi/10.3.1/../../../../arm-none-eabi/lib/thumb/v7e-m+fp/hard/libcr_c.a(_cr_sbrk.o)
                              /opt/mcuxpresso-ide/ide/plugins/com.nxp.mcuxpresso.tools.linux_11.7.1.202301190959/tools/bin/../lib/gcc/arm-none-eabi/10.3.1/../../../../arm-none-eabi/lib/thumb/v7e-m+fp/hard/libcr_c.a(alloc.o) (_sbrk)
/opt/mcuxpresso-ide/ide/plugins/com.nxp.mcuxpresso.tools.linux_11.7.1.202301190959/tools/bin/../lib/gcc/arm-none-eabi/10.3.1/../../../../arm-none-eabi/lib/thumb/v7e-m+fp/hard/libcr_c.a(_fdopen.o)
                              /opt/mcuxpresso-ide/ide/plugins/com.nxp.mcuxpresso.tools.linux_11.7.1.202301190959/tools/bin/../lib/gcc/arm-none-eabi/10.3.1/../../../../arm-none-eabi/lib/thumb/v7e-m+fp/hard/libcr_c.a(initio.o) (_fdopen)
/opt/mcuxpresso-ide/ide/plugins/com.nxp.mcuxpresso.tools.linux_11.7.1.202301190959/tools/bin/../lib/gcc/arm-none-eabi/10.3.1/../../../../arm-none-eabi/lib/thumb/v7e-m+fp/hard/libcr_c.a(errno.o)
                              /opt/mcuxpresso-ide/ide/plugins/com.nxp.mcuxpresso.tools.linux_11.7.1.202301190959/tools/bin/../lib/gcc/arm-none-eabi/10.3.1/../../../../arm-none-eabi/lib/thumb/v7e-m+fp/hard/libcr_c.a(_cr_sbrk.o) (errno)
/opt/mcuxpresso-ide/ide/plugins/com.nxp.mcuxpresso.tools.linux_11.7.1.202301190959/tools/bin/../lib/gcc/arm-none-eabi/10.3.1/../../../../arm-none-eabi/lib/thumb/v7e-m+fp/hard/libcr_c.a(fclose.o)
                              /opt/mcuxpresso-ide/ide/plugins/com.nxp.mcuxpresso.tools.linux_11.7.1.202301190959/tools/bin/../lib/gcc/arm-none-eabi/10.3.1/../../../../arm-none-eabi/lib/thumb/v7e-m+fp/hard/libcr_c.a(initio.o) (fclose)
/opt/mcuxpresso-ide/ide/plugins/com.nxp.mcuxpresso.tools.linux_11.7.1.202301190959/tools/bin/../lib/gcc/arm-none-eabi/10.3.1/../../../../arm-none-eabi/lib/thumb/v7e-m+fp/hard/libcr_c.a(fflush.o)
                              /opt/mcuxpresso-ide/ide/plugins/com.nxp.mcuxpresso.tools.linux_11.7.1.202301190959/tools/bin/../lib/gcc/arm-none-eabi/10.3.1/../../../../arm-none-eabi/lib/thumb/v7e-m+fp/hard/libcr_c.a(fclose.o) (fflush)
[...]
Memory Configuration

Name             Origin             Length             Attributes
PROGRAM_FLASH    0x0000000000000000 0x0000000000100000 xr
SRAM_UPPER       0x0000000020000000 0x0000000000030000 xrw
SRAM_LOWER       0x000000001fff0000 0x0000000000010000 xrw
FLEX_RAM         0x0000000014000000 0x0000000000001000 xrw
*default*        0x0000000000000000 0xffffffffffffffff

Linker script and memory map

LOAD ./utilities/fsl_assert.o
LOAD ./utilities/fsl_debug_console.o
LOAD ./startup/startup_mk64f12.o
LOAD ./source/hello_world.o
LOAD ./source/semihost_hardfault.o
LOAD ./drivers/fsl_clock.o
LOAD ./drivers/fsl_common.o
LOAD ./drivers/fsl_common_arm.o
LOAD ./drivers/fsl_ftfx_cache.o
LOAD ./drivers/fsl_ftfx_controller.o
LOAD ./drivers/fsl_ftfx_flash.o
LOAD ./drivers/fsl_ftfx_flexnvm.o
LOAD ./drivers/fsl_gpio.o
LOAD ./drivers/fsl_smc.o
LOAD ./drivers/fsl_uart.o
LOAD ./device/system_MK64F12.o
LOAD ./component/uart/fsl_adapter_uart.o
LOAD ./component/lists/fsl_component_generic_list.o
LOAD ./board/board.o
LOAD ./board/clock_config.o
LOAD ./board/pin_mux.o
START GROUP
LOAD /opt/mcuxpresso-ide/ide/plugins/com.nxp.mcuxpresso.tools.linux_11.7.1.202301190959/tools/bin/../lib/gcc/arm-none-eabi/10.3.1/../../../../arm-none-eabi/lib/thumb/v7e-m+fp/hard/libcr_nohost_nf.a
LOAD /opt/mcuxpresso-ide/ide/plugins/com.nxp.mcuxpresso.tools.linux_11.7.1.202301190959/tools/bin/../lib/gcc/arm-none-eabi/10.3.1/../../../../arm-none-eabi/lib/thumb/v7e-m+fp/hard/libcr_c.a
LOAD /opt/mcuxpresso-ide/ide/plugins/com.nxp.mcuxpresso.tools.linux_11.7.1.202301190959/tools/bin/../lib/gcc/arm-none-eabi/10.3.1/thumb/v7e-m+fp/hard/libcr_eabihelpers.a
LOAD /opt/mcuxpresso-ide/ide/plugins/com.nxp.mcuxpresso.tools.linux_11.7.1.202301190959/tools/bin/../lib/gcc/arm-none-eabi/10.3.1/thumb/v7e-m+fp/hard/libgcc.a
END GROUP
                0x0000000000000000                __base_PROGRAM_FLASH = 0x0
                0x0000000000000000                __base_Flash = 0x0
                0x0000000000100000                __top_PROGRAM_FLASH = 0x100000
                0x0000000000100000                __top_Flash = 0x100000
                0x0000000020000000                __base_SRAM_UPPER = 0x20000000
                0x0000000020000000                __base_RAM = 0x20000000
                0x0000000020030000                __top_SRAM_UPPER = 0x20030000
                0x0000000020030000                __top_RAM = 0x20030000
                0x000000001fff0000                __base_SRAM_LOWER = 0x1fff0000
                0x000000001fff0000                __base_RAM2 = 0x1fff0000
                0x0000000020000000                __top_SRAM_LOWER = 0x20000000
                0x0000000020000000                __top_RAM2 = 0x20000000
                0x0000000014000000                __base_FLEX_RAM = 0x14000000
                0x0000000014000000                __base_RAM3 = 0x14000000
                0x0000000014001000                __top_FLEX_RAM = 0x14001000
                0x0000000014001000                __top_RAM3 = 0x14001000

.text           0x0000000000000000     0x2b00
 FILL mask 0xff
                0x0000000000000000                __vectors_start__ = ABSOLUTE (.)
 *(SORT_BY_ALIGNMENT(.isr_vector))
 .isr_vector    0x0000000000000000      0x198 ./startup/startup_mk64f12.o
                0x0000000000000000                __Vectors
                0x0000000000000000                g_pfnVectors
                0x0000000000000198                . = ALIGN (0x4)
                0x0000000000000198                __section_table_start = .
                0x0000000000000198                __data_section_table = .
                0x0000000000000198        0x4 LONG 0x2b00 LOADADDR (.data)
                0x000000000000019c        0x4 LONG 0x20000000 ADDR (.data)
                0x00000000000001a0        0x4 LONG 0x10 SIZEOF (.data)
                0x00000000000001a4        0x4 LONG 0x2b00 LOADADDR (.data_RAM2)
                0x00000000000001a8        0x4 LONG 0x1fff0000 ADDR (.data_RAM2)
                0x00000000000001ac        0x4 LONG 0x0 SIZEOF (.data_RAM2)
                0x00000000000001b0        0x4 LONG 0x2b00 LOADADDR (.data_RAM3)
                0x00000000000001b4        0x4 LONG 0x14000000 ADDR (.data_RAM3)
                0x00000000000001b8        0x4 LONG 0x0 SIZEOF (.data_RAM3)
                0x00000000000001bc                __data_section_table_end = .
                0x00000000000001bc                __bss_section_table = .
                0x00000000000001bc        0x4 LONG 0x20000010 ADDR (.bss)
                0x00000000000001c0        0x4 LONG 0xf0 SIZEOF (.bss)
                0x00000000000001c4        0x4 LONG 0x1fff0000 ADDR (.bss_RAM2)
                0x00000000000001c8        0x4 LONG 0x0 SIZEOF (.bss_RAM2)
                0x00000000000001cc        0x4 LONG 0x14000000 ADDR (.bss_RAM3)
                0x00000000000001d0        0x4 LONG 0x0 SIZEOF (.bss_RAM3)
                0x00000000000001d4                __bss_section_table_end = .
                0x00000000000001d4                __section_table_end = .
 *(SORT_BY_ALIGNMENT(.after_vectors*))
 .after_vectors.reset
                0x00000000000001d4       0x4c ./startup/startup_mk64f12.o
                0x00000000000001d4                ResetISR
 .after_vectors.init_data
                0x0000000000000220       0x1e ./startup/startup_mk64f12.o
                0x0000000000000220                data_init
 .after_vectors.init_bss
                0x000000000000023e       0x12 ./startup/startup_mk64f12.o
                0x000000000000023e                bss_init
 .after_vectors
                0x0000000000000250       0x14 ./startup/startup_mk64f12.o
                0x0000000000000250                NMI_Handler
                0x0000000000000254                MemManage_Handler
                0x0000000000000256                BusFault_Handler
                0x0000000000000258                UsageFault_Handler
                0x000000000000025a                SVC_Handler
                0x000000000000025c                DebugMon_Handler
                0x000000000000025e                PendSV_Handler
                0x0000000000000260                SysTick_Handler
                0x0000000000000262                DMA0_DriverIRQHandler
                0x0000000000000262                PORTB_DriverIRQHandler
                0x0000000000000262                DMA12_DriverIRQHandler
                0x0000000000000262                SPI1_DriverIRQHandler
                0x0000000000000262                LPTMR0_DriverIRQHandler
                0x0000000000000262                DMA_Error_DriverIRQHandler
                0x0000000000000262                FTM1_DriverIRQHandler
                0x0000000000000262                FTM2_DriverIRQHandler
                0x0000000000000262                PIT2_DriverIRQHandler
                0x0000000000000262                SDHC_DriverIRQHandler
                0x0000000000000262                I2S0_Tx_DriverIRQHandler
                0x0000000000000262                RTC_Seconds_DriverIRQHandler
                0x0000000000000262                DMA6_DriverIRQHandler
                0x0000000000000262                LLWU_DriverIRQHandler
                0x0000000000000262                MCM_DriverIRQHandler
                0x0000000000000262                MCG_DriverIRQHandler
                0x0000000000000262                ENET_1588_Timer_DriverIRQHandler
                0x0000000000000262                I2C2_DriverIRQHandler
                0x0000000000000262                DAC1_DriverIRQHandler
                0x0000000000000262                CMP1_DriverIRQHandler
                0x0000000000000262                FTM0_DriverIRQHandler
                0x0000000000000262                IntDefaultHandler
                0x0000000000000262                USB0_DriverIRQHandler
                0x0000000000000262                UART5_ERR_DriverIRQHandler
                0x0000000000000262                PORTC_DriverIRQHandler
                0x0000000000000262                DMA11_DriverIRQHandler
                0x0000000000000262                DAC0_DriverIRQHandler
                0x0000000000000262                DMA10_DriverIRQHandler
                0x0000000000000262                CMP2_DriverIRQHandler
                0x0000000000000262                UART2_ERR_DriverIRQHandler
                0x0000000000000262                SPI2_DriverIRQHandler
                0x0000000000000262                LVD_LVW_DriverIRQHandler
                0x0000000000000262                PIT0_DriverIRQHandler
                0x0000000000000262                RNG_DriverIRQHandler
                0x0000000000000262                DMA5_DriverIRQHandler
                0x0000000000000262                DMA4_DriverIRQHandler
                0x0000000000000262                USBDCD_DriverIRQHandler
                0x0000000000000262                UART3_ERR_DriverIRQHandler
                0x0000000000000262                DMA3_DriverIRQHandler
                0x0000000000000262                DMA8_DriverIRQHandler
                0x0000000000000262                DMA9_DriverIRQHandler
                0x0000000000000262                UART0_ERR_DriverIRQHandler
                0x0000000000000262                CMT_DriverIRQHandler
                0x0000000000000262                Reserved71_DriverIRQHandler
                0x0000000000000262                ADC1_DriverIRQHandler
                0x0000000000000262                PORTA_DriverIRQHandler
                0x0000000000000262                DMA14_DriverIRQHandler
                0x0000000000000262                PIT3_DriverIRQHandler
                0x0000000000000262                PIT1_DriverIRQHandler
                0x0000000000000262                WDOG_EWM_DriverIRQHandler
                0x0000000000000262                PDB0_DriverIRQHandler
                0x0000000000000262                RTC_DriverIRQHandler
                0x0000000000000262                I2S0_Rx_DriverIRQHandler
                0x0000000000000262                Read_Collision_DriverIRQHandler
                0x0000000000000262                SWI_DriverIRQHandler
                0x0000000000000262                UART4_ERR_DriverIRQHandler
                0x0000000000000262                UART0_LON_DriverIRQHandler
                0x0000000000000262                DMA1_DriverIRQHandler
                0x0000000000000262                I2C1_DriverIRQHandler
                0x0000000000000262                ENET_Receive_DriverIRQHandler
                0x0000000000000262                DMA13_DriverIRQHandler
                0x0000000000000262                ENET_Error_DriverIRQHandler
                0x0000000000000262                DMA15_DriverIRQHandler
                0x0000000000000262                SPI0_DriverIRQHandler
                0x0000000000000262                ADC0_DriverIRQHandler
                0x0000000000000262                CMP0_DriverIRQHandler
                0x0000000000000262                CAN0_DriverIRQHandler
                0x0000000000000262                FTM3_DriverIRQHandler
                0x0000000000000262                UART1_ERR_DriverIRQHandler
                0x0000000000000262                DMA2_DriverIRQHandler
                0x0000000000000262                ENET_Transmit_DriverIRQHandler
                0x0000000000000262                PORTD_DriverIRQHandler
                0x0000000000000262                PORTE_DriverIRQHandler
                0x0000000000000262                FTFE_DriverIRQHandler
                0x0000000000000262                I2C0_DriverIRQHandler
                0x0000000000000262                DMA7_DriverIRQHandler
                0x0000000000000400                . = 0x400
 *fill*         0x0000000000000264      0x19c ff
                0x0000000000000400                PROVIDE (__FLASH_CONFIG_START__ = .)
 *(SORT_BY_ALIGNMENT(.FlashConfig))
 .FlashConfig   0x0000000000000400       0x10 ./startup/startup_mk64f12.o
                0x0000000000000400                Flash_Config
                0x0000000000000410                PROVIDE (__FLASH_CONFIG_END__ = .)
                0x0000000000000001                ASSERT (! ((__FLASH_CONFIG_START__ == __FLASH_CONFIG_END__)), Linker Flash Config Support Enabled, but no .FlashConfig section provided within application)
 *(SORT_BY_ALIGNMENT(.text*))
 .text.__assertion_failed
                0x0000000000000410       0x18 ./utilities/fsl_assert.o
                0x0000000000000410                __assertion_failed
 .text.DbgConsole_Init
                0x0000000000000428       0x74 ./utilities/fsl_debug_console.o
                0x0000000000000428                DbgConsole_Init
 .text.DbgConsole_Vprintf
                0x000000000000049c       0x3c ./utilities/fsl_debug_console.o
                0x000000000000049c                DbgConsole_Vprintf
 .text.DbgConsole_Putchar
                0x00000000000004d8       0x30 ./utilities/fsl_debug_console.o
                0x00000000000004d8                DbgConsole_Putchar
 .text.DbgConsole_Getchar
                0x0000000000000508       0x3c ./utilities/fsl_debug_console.o
                0x0000000000000508                DbgConsole_Getchar
 .text.DbgConsole_PrintfFormattedData
                0x0000000000000544      0x3e0 ./utilities/fsl_debug_console.o
 .text.main     0x0000000000000924       0x4c ./source/hello_world.o
                0x0000000000000924                main
 .text.CLOCK_SetEr32kClock
                0x0000000000000970       0x30 ./drivers/fsl_clock.o
 .text.CLOCK_SetPllFllSelClock
                0x00000000000009a0       0x38 ./drivers/fsl_clock.o
 .text.CLOCK_GetMcgExtClkFreq
                0x00000000000009d8       0x7c ./drivers/fsl_clock.o
 .text.CLOCK_GetFllExtRefClkFreq
                0x0000000000000a54       0xb0 ./drivers/fsl_clock.o
 .text.CLOCK_GetInternalRefClkSelectFreq
                0x0000000000000b04       0x4c ./drivers/fsl_clock.o
 .text.CLOCK_GetFllRefClkFreq
                0x0000000000000b50       0x34 ./drivers/fsl_clock.o
 .text.CLOCK_GetOscRangeFromFreq
                0x0000000000000b84       0x3c ./drivers/fsl_clock.o
 .text.CLOCK_GetCoreSysClkFreq
                0x0000000000000bc0       0x28 ./drivers/fsl_clock.o
                0x0000000000000bc0                CLOCK_GetCoreSysClkFreq
 .text.CLOCK_SetSimConfig
                0x0000000000000be8       0x34 ./drivers/fsl_clock.o
                0x0000000000000be8                CLOCK_SetSimConfig
 .text.CLOCK_GetOutClkFreq
                0x0000000000000c1c       0x64 ./drivers/fsl_clock.o
                0x0000000000000c1c                CLOCK_GetOutClkFreq
 .text.CLOCK_GetFllFreq
                0x0000000000000c80       0x84 ./drivers/fsl_clock.o
                0x0000000000000c80                CLOCK_GetFllFreq
 .text.CLOCK_GetPll0Freq
                0x0000000000000d04       0x78 ./drivers/fsl_clock.o
                0x0000000000000d04                CLOCK_GetPll0Freq
 .text.CLOCK_SetExternalRefClkConfig
                0x0000000000000d7c       0x6c ./drivers/fsl_clock.o
                0x0000000000000d7c                CLOCK_SetExternalRefClkConfig
 .text.CLOCK_SetInternalRefClkConfig
                0x0000000000000de8      0x104 ./drivers/fsl_clock.o
                0x0000000000000de8                CLOCK_SetInternalRefClkConfig
 .text.CLOCK_EnablePll0
                0x0000000000000eec       0x88 ./drivers/fsl_clock.o
                0x0000000000000eec                CLOCK_EnablePll0
 .text.CLOCK_InitOsc0
                0x0000000000000f74       0x8c ./drivers/fsl_clock.o
                0x0000000000000f74                CLOCK_InitOsc0
 .text.CLOCK_SetPbeMode
                0x0000000000001000       0xa8 ./drivers/fsl_clock.o
                0x0000000000001000                CLOCK_SetPbeMode
 .text.CLOCK_BootToPeeMode
                0x00000000000010a8       0x64 ./drivers/fsl_clock.o
                0x00000000000010a8                CLOCK_BootToPeeMode
 .text.UART_GetInstance
                0x000000000000110c       0x54 ./drivers/fsl_uart.o
                0x000000000000110c                UART_GetInstance
 .text.UART_Init
                0x0000000000001160      0x2f4 ./drivers/fsl_uart.o
                0x0000000000001160                UART_Init
 .text.UART_GetDefaultConfig
                0x0000000000001454       0x68 ./drivers/fsl_uart.o
                0x0000000000001454                UART_GetDefaultConfig
 .text.UART_ReadBlocking
                0x00000000000014bc       0xfc ./drivers/fsl_uart.o
                0x00000000000014bc                UART_ReadBlocking
 .text.UART0_DriverIRQHandler
                0x00000000000015b8       0x28 ./drivers/fsl_uart.o
                0x00000000000015b8                UART0_DriverIRQHandler
 .text.UART1_DriverIRQHandler
                0x00000000000015e0       0x28 ./drivers/fsl_uart.o
                0x00000000000015e0                UART1_DriverIRQHandler
 .text.UART2_DriverIRQHandler
                0x0000000000001608       0x28 ./drivers/fsl_uart.o
                0x0000000000001608                UART2_DriverIRQHandler
 .text.UART3_DriverIRQHandler
                0x0000000000001630       0x28 ./drivers/fsl_uart.o
                0x0000000000001630                UART3_DriverIRQHandler
 .text.UART4_DriverIRQHandler
                0x0000000000001658       0x28 ./drivers/fsl_uart.o
                0x0000000000001658                UART4_DriverIRQHandler
 .text.UART5_DriverIRQHandler
                0x0000000000001680       0x28 ./drivers/fsl_uart.o
                0x0000000000001680                UART5_DriverIRQHandler
 .text.SystemInit
                0x00000000000016a8       0x3c ./device/system_MK64F12.o
                0x00000000000016a8                SystemInit
 .text.HAL_UartInit
                0x00000000000016e4      0x128 ./component/uart/fsl_adapter_uart.o
                0x00000000000016e4                HAL_UartInit
 .text.HAL_UartReceiveBlocking
                0x000000000000180c       0x6c ./component/uart/fsl_adapter_uart.o
                0x000000000000180c                HAL_UartReceiveBlocking
 .text.HAL_UartSendBlocking
                0x0000000000001878       0x64 ./component/uart/fsl_adapter_uart.o
                0x0000000000001878                HAL_UartSendBlocking
 .text.CLOCK_SetSimSafeDivs
                0x00000000000018dc       0x20 ./board/clock_config.o
 .text.CLOCK_SetXtal0Freq
                0x00000000000018fc       0x20 ./board/clock_config.o
 .text.CLOCK_CONFIG_SetFllExtRefDiv
                0x000000000000191c       0x3c ./board/clock_config.o
 .text.BOARD_BootClockRUN
                0x0000000000001958       0x60 ./board/clock_config.o
                0x0000000000001958                BOARD_BootClockRUN
 .text.BOARD_InitPins
                0x00000000000019b8       0x6c ./board/pin_mux.o
                0x00000000000019b8                BOARD_InitPins
 .text._initio  0x0000000000001a24       0x78 /opt/mcuxpresso-ide/ide/plugins/com.nxp.mcuxpresso.tools.linux_11.7.1.202301190959/tools/bin/../lib/gcc/arm-none-eabi/10.3.1/../../../../arm-none-eabi/lib/thumb/v7e-m+fp/hard/libcr_c.a(initio.o)
                0x0000000000001a24                _initio
 .text.fflush   0x0000000000001a9c       0x3c /opt/mcuxpresso-ide/ide/plugins/com.nxp.mcuxpresso.tools.linux_11.7.1.202301190959/tools/bin/../lib/gcc/arm-none-eabi/10.3.1/../../../../arm-none-eabi/lib/thumb/v7e-m+fp/hard/libcr_c.a(fflush.o)
                0x0000000000001a9c                fflush
 .text.fseek    0x0000000000001ad8       0xfc /opt/mcuxpresso-ide/ide/plugins/com.nxp.mcuxpresso.tools.linux_11.7.1.202301190959/tools/bin/../lib/gcc/arm-none-eabi/10.3.1/../../../../arm-none-eabi/lib/thumb/v7e-m+fp/hard/libcr_c.a(fseek.o)
                0x0000000000001ad8                fseek
 .text.ftell    0x0000000000001bd4       0x44 /opt/mcuxpresso-ide/ide/plugins/com.nxp.mcuxpresso.tools.linux_11.7.1.202301190959/tools/bin/../lib/gcc/arm-none-eabi/10.3.1/../../../../arm-none-eabi/lib/thumb/v7e-m+fp/hard/libcr_c.a(ftell.o)
                0x0000000000001bd4                ftell
 .text._Cwritebuf
                0x0000000000001c18       0x6c /opt/mcuxpresso-ide/ide/plugins/com.nxp.mcuxpresso.tools.linux_11.7.1.202301190959/tools/bin/../lib/gcc/arm-none-eabi/10.3.1/../../../../arm-none-eabi/lib/thumb/v7e-m+fp/hard/libcr_c.a(_writebuf.o)
                0x0000000000001c18                _Cwritebuf
 .text.DbgConsole_Printf
                0x0000000000001c84       0x2c ./utilities/fsl_debug_console.o
                0x0000000000001c84                DbgConsole_Printf
 .text.DbgConsole_PrintfPaddingCharacter
                0x0000000000001cb0       0x40 ./utilities/fsl_debug_console.o
 .text.DbgConsole_ConvertRadixNumToString
                0x0000000000001cf0       0xc2 ./utilities/fsl_debug_console.o
 .text.DMA0_IRQHandler
                0x0000000000001db2        0x8 ./startup/startup_mk64f12.o
                0x0000000000001db2                DMA0_IRQHandler
 .text.DMA1_IRQHandler
                0x0000000000001dba        0x8 ./startup/startup_mk64f12.o
                0x0000000000001dba                DMA1_IRQHandler
 .text.DMA2_IRQHandler
                0x0000000000001dc2        0x8 ./startup/startup_mk64f12.o
                0x0000000000001dc2                DMA2_IRQHandler
 .text.DMA3_IRQHandler
                0x0000000000001dca        0x8 ./startup/startup_mk64f12.o
                0x0000000000001dca                DMA3_IRQHandler
 .text.DMA4_IRQHandler
                0x0000000000001dd2        0x8 ./startup/startup_mk64f12.o
                0x0000000000001dd2                DMA4_IRQHandler
 .text.DMA5_IRQHandler
                0x0000000000001dda        0x8 ./startup/startup_mk64f12.o
                0x0000000000001dda                DMA5_IRQHandler
 .text.DMA6_IRQHandler
                0x0000000000001de2        0x8 ./startup/startup_mk64f12.o
                0x0000000000001de2                DMA6_IRQHandler
 .text.DMA7_IRQHandler
                0x0000000000001dea        0x8 ./startup/startup_mk64f12.o
                0x0000000000001dea                DMA7_IRQHandler
 .text.DMA8_IRQHandler
                0x0000000000001df2        0x8 ./startup/startup_mk64f12.o
                0x0000000000001df2                DMA8_IRQHandler
 .text.DMA9_IRQHandler
                0x0000000000001dfa        0x8 ./startup/startup_mk64f12.o
                0x0000000000001dfa                DMA9_IRQHandler
 .text.DMA10_IRQHandler
                0x0000000000001e02        0x8 ./startup/startup_mk64f12.o
                0x0000000000001e02                DMA10_IRQHandler
 .text.DMA11_IRQHandler
                0x0000000000001e0a        0x8 ./startup/startup_mk64f12.o
                0x0000000000001e0a                DMA11_IRQHandler
 .text.DMA12_IRQHandler
                0x0000000000001e12        0x8 ./startup/startup_mk64f12.o
                0x0000000000001e12                DMA12_IRQHandler
 .text.DMA13_IRQHandler
                0x0000000000001e1a        0x8 ./startup/startup_mk64f12.o
                0x0000000000001e1a                DMA13_IRQHandler
 .text.DMA14_IRQHandler
                0x0000000000001e22        0x8 ./startup/startup_mk64f12.o
                0x0000000000001e22                DMA14_IRQHandler
 .text.DMA15_IRQHandler
                0x0000000000001e2a        0x8 ./startup/startup_mk64f12.o
                0x0000000000001e2a                DMA15_IRQHandler
 .text.DMA_Error_IRQHandler
                0x0000000000001e32        0x8 ./startup/startup_mk64f12.o
                0x0000000000001e32                DMA_Error_IRQHandler
 .text.MCM_IRQHandler
                0x0000000000001e3a        0x8 ./startup/startup_mk64f12.o
                0x0000000000001e3a                MCM_IRQHandler
 .text.FTFE_IRQHandler
                0x0000000000001e42        0x8 ./startup/startup_mk64f12.o
                0x0000000000001e42                FTFE_IRQHandler
 .text.Read_Collision_IRQHandler
                0x0000000000001e4a        0x8 ./startup/startup_mk64f12.o
                0x0000000000001e4a                Read_Collision_IRQHandler
 .text.LVD_LVW_IRQHandler
                0x0000000000001e52        0x8 ./startup/startup_mk64f12.o
                0x0000000000001e52                LVD_LVW_IRQHandler
 .text.LLWU_IRQHandler
                0x0000000000001e5a        0x8 ./startup/startup_mk64f12.o
                0x0000000000001e5a                LLWU_IRQHandler
 .text.WDOG_EWM_IRQHandler
                0x0000000000001e62        0x8 ./startup/startup_mk64f12.o
                0x0000000000001e62                WDOG_EWM_IRQHandler
 .text.RNG_IRQHandler
                0x0000000000001e6a        0x8 ./startup/startup_mk64f12.o
                0x0000000000001e6a                RNG_IRQHandler
 .text.I2C0_IRQHandler
                0x0000000000001e72        0x8 ./startup/startup_mk64f12.o
                0x0000000000001e72                I2C0_IRQHandler
 .text.I2C1_IRQHandler
                0x0000000000001e7a        0x8 ./startup/startup_mk64f12.o
                0x0000000000001e7a                I2C1_IRQHandler
 .text.SPI0_IRQHandler
                0x0000000000001e82        0x8 ./startup/startup_mk64f12.o
                0x0000000000001e82                SPI0_IRQHandler
 .text.SPI1_IRQHandler
                0x0000000000001e8a        0x8 ./startup/startup_mk64f12.o
                0x0000000000001e8a                SPI1_IRQHandler
 .text.I2S0_Tx_IRQHandler
                0x0000000000001e92        0x8 ./startup/startup_mk64f12.o
                0x0000000000001e92                I2S0_Tx_IRQHandler
 .text.I2S0_Rx_IRQHandler
                0x0000000000001e9a        0x8 ./startup/startup_mk64f12.o
                0x0000000000001e9a                I2S0_Rx_IRQHandler
 .text.UART0_LON_IRQHandler
                0x0000000000001ea2        0x8 ./startup/startup_mk64f12.o
                0x0000000000001ea2                UART0_LON_IRQHandler
 .text.UART0_RX_TX_IRQHandler
                0x0000000000001eaa        0x8 ./startup/startup_mk64f12.o
                0x0000000000001eaa                UART0_RX_TX_IRQHandler
 .text.UART0_ERR_IRQHandler
                0x0000000000001eb2        0x8 ./startup/startup_mk64f12.o
                0x0000000000001eb2                UART0_ERR_IRQHandler
 .text.UART1_RX_TX_IRQHandler
                0x0000000000001eba        0x8 ./startup/startup_mk64f12.o
                0x0000000000001eba                UART1_RX_TX_IRQHandler
 .text.UART1_ERR_IRQHandler
                0x0000000000001ec2        0x8 ./startup/startup_mk64f12.o
                0x0000000000001ec2                UART1_ERR_IRQHandler
 .text.UART2_RX_TX_IRQHandler
                0x0000000000001eca        0x8 ./startup/startup_mk64f12.o
                0x0000000000001eca                UART2_RX_TX_IRQHandler
 .text.UART2_ERR_IRQHandler
                0x0000000000001ed2        0x8 ./startup/startup_mk64f12.o
                0x0000000000001ed2                UART2_ERR_IRQHandler
 .text.UART3_RX_TX_IRQHandler
                0x0000000000001eda        0x8 ./startup/startup_mk64f12.o
                0x0000000000001eda                UART3_RX_TX_IRQHandler
 .text.UART3_ERR_IRQHandler
                0x0000000000001ee2        0x8 ./startup/startup_mk64f12.o
                0x0000000000001ee2                UART3_ERR_IRQHandler
 .text.ADC0_IRQHandler
                0x0000000000001eea        0x8 ./startup/startup_mk64f12.o
                0x0000000000001eea                ADC0_IRQHandler
 .text.CMP0_IRQHandler
                0x0000000000001ef2        0x8 ./startup/startup_mk64f12.o
                0x0000000000001ef2                CMP0_IRQHandler
 .text.CMP1_IRQHandler
                0x0000000000001efa        0x8 ./startup/startup_mk64f12.o
                0x0000000000001efa                CMP1_IRQHandler
 .text.FTM0_IRQHandler
                0x0000000000001f02        0x8 ./startup/startup_mk64f12.o
                0x0000000000001f02                FTM0_IRQHandler
 .text.FTM1_IRQHandler
                0x0000000000001f0a        0x8 ./startup/startup_mk64f12.o
                0x0000000000001f0a                FTM1_IRQHandler
 .text.FTM2_IRQHandler
                0x0000000000001f12        0x8 ./startup/startup_mk64f12.o
                0x0000000000001f12                FTM2_IRQHandler
 .text.CMT_IRQHandler
                0x0000000000001f1a        0x8 ./startup/startup_mk64f12.o
                0x0000000000001f1a                CMT_IRQHandler
 .text.RTC_IRQHandler
                0x0000000000001f22        0x8 ./startup/startup_mk64f12.o
                0x0000000000001f22                RTC_IRQHandler
 .text.RTC_Seconds_IRQHandler
                0x0000000000001f2a        0x8 ./startup/startup_mk64f12.o
                0x0000000000001f2a                RTC_Seconds_IRQHandler
 .text.PIT0_IRQHandler
                0x0000000000001f32        0x8 ./startup/startup_mk64f12.o
                0x0000000000001f32                PIT0_IRQHandler
 .text.PIT1_IRQHandler
                0x0000000000001f3a        0x8 ./startup/startup_mk64f12.o
                0x0000000000001f3a                PIT1_IRQHandler
 .text.PIT2_IRQHandler
                0x0000000000001f42        0x8 ./startup/startup_mk64f12.o
                0x0000000000001f42                PIT2_IRQHandler
 .text.PIT3_IRQHandler
                0x0000000000001f4a        0x8 ./startup/startup_mk64f12.o
                0x0000000000001f4a                PIT3_IRQHandler
 .text.PDB0_IRQHandler
                0x0000000000001f52        0x8 ./startup/startup_mk64f12.o
                0x0000000000001f52                PDB0_IRQHandler
 .text.USB0_IRQHandler
                0x0000000000001f5a        0x8 ./startup/startup_mk64f12.o
                0x0000000000001f5a                USB0_IRQHandler
 .text.USBDCD_IRQHandler
                0x0000000000001f62        0x8 ./startup/startup_mk64f12.o
                0x0000000000001f62                USBDCD_IRQHandler
 .text.Reserved71_IRQHandler
                0x0000000000001f6a        0x8 ./startup/startup_mk64f12.o
                0x0000000000001f6a                Reserved71_IRQHandler
 .text.DAC0_IRQHandler
                0x0000000000001f72        0x8 ./startup/startup_mk64f12.o
                0x0000000000001f72                DAC0_IRQHandler
 .text.MCG_IRQHandler
                0x0000000000001f7a        0x8 ./startup/startup_mk64f12.o
                0x0000000000001f7a                MCG_IRQHandler
 .text.LPTMR0_IRQHandler
                0x0000000000001f82        0x8 ./startup/startup_mk64f12.o
                0x0000000000001f82                LPTMR0_IRQHandler
 .text.PORTA_IRQHandler
                0x0000000000001f8a        0x8 ./startup/startup_mk64f12.o
                0x0000000000001f8a                PORTA_IRQHandler
 .text.PORTB_IRQHandler
                0x0000000000001f92        0x8 ./startup/startup_mk64f12.o
                0x0000000000001f92                PORTB_IRQHandler
 .text.PORTC_IRQHandler
                0x0000000000001f9a        0x8 ./startup/startup_mk64f12.o
                0x0000000000001f9a                PORTC_IRQHandler
 .text.PORTD_IRQHandler
                0x0000000000001fa2        0x8 ./startup/startup_mk64f12.o
                0x0000000000001fa2                PORTD_IRQHandler
 .text.PORTE_IRQHandler
                0x0000000000001faa        0x8 ./startup/startup_mk64f12.o
                0x0000000000001faa                PORTE_IRQHandler
 .text.SWI_IRQHandler
                0x0000000000001fb2        0x8 ./startup/startup_mk64f12.o
                0x0000000000001fb2                SWI_IRQHandler
 .text.SPI2_IRQHandler
                0x0000000000001fba        0x8 ./startup/startup_mk64f12.o
                0x0000000000001fba                SPI2_IRQHandler
 .text.UART4_RX_TX_IRQHandler
                0x0000000000001fc2        0x8 ./startup/startup_mk64f12.o
                0x0000000000001fc2                UART4_RX_TX_IRQHandler
 .text.UART4_ERR_IRQHandler
                0x0000000000001fca        0x8 ./startup/startup_mk64f12.o
                0x0000000000001fca                UART4_ERR_IRQHandler
 .text.UART5_RX_TX_IRQHandler
                0x0000000000001fd2        0x8 ./startup/startup_mk64f12.o
                0x0000000000001fd2                UART5_RX_TX_IRQHandler
 .text.UART5_ERR_IRQHandler
                0x0000000000001fda        0x8 ./startup/startup_mk64f12.o
                0x0000000000001fda                UART5_ERR_IRQHandler
 .text.CMP2_IRQHandler
                0x0000000000001fe2        0x8 ./startup/startup_mk64f12.o
                0x0000000000001fe2                CMP2_IRQHandler
 .text.FTM3_IRQHandler
                0x0000000000001fea        0x8 ./startup/startup_mk64f12.o
                0x0000000000001fea                FTM3_IRQHandler
 .text.DAC1_IRQHandler
                0x0000000000001ff2        0x8 ./startup/startup_mk64f12.o
                0x0000000000001ff2                DAC1_IRQHandler
 .text.ADC1_IRQHandler
                0x0000000000001ffa        0x8 ./startup/startup_mk64f12.o
                0x0000000000001ffa                ADC1_IRQHandler
 .text.I2C2_IRQHandler
                0x0000000000002002        0x8 ./startup/startup_mk64f12.o
                0x0000000000002002                I2C2_IRQHandler
 .text.CAN0_ORed_Message_buffer_IRQHandler
                0x000000000000200a        0x8 ./startup/startup_mk64f12.o
                0x000000000000200a                CAN0_ORed_Message_buffer_IRQHandler
 .text.CAN0_Bus_Off_IRQHandler
                0x0000000000002012        0x8 ./startup/startup_mk64f12.o
                0x0000000000002012                CAN0_Bus_Off_IRQHandler
 .text.CAN0_Error_IRQHandler
                0x000000000000201a        0x8 ./startup/startup_mk64f12.o
                0x000000000000201a                CAN0_Error_IRQHandler
 .text.CAN0_Tx_Warning_IRQHandler
                0x0000000000002022        0x8 ./startup/startup_mk64f12.o
                0x0000000000002022                CAN0_Tx_Warning_IRQHandler
 .text.CAN0_Rx_Warning_IRQHandler
                0x000000000000202a        0x8 ./startup/startup_mk64f12.o
                0x000000000000202a                CAN0_Rx_Warning_IRQHandler
 .text.CAN0_Wake_Up_IRQHandler
                0x0000000000002032        0x8 ./startup/startup_mk64f12.o
                0x0000000000002032                CAN0_Wake_Up_IRQHandler
 .text.SDHC_IRQHandler
                0x000000000000203a        0x8 ./startup/startup_mk64f12.o
                0x000000000000203a                SDHC_IRQHandler
 .text.ENET_1588_Timer_IRQHandler
                0x0000000000002042        0x8 ./startup/startup_mk64f12.o
                0x0000000000002042                ENET_1588_Timer_IRQHandler
 .text.ENET_Transmit_IRQHandler
                0x000000000000204a        0x8 ./startup/startup_mk64f12.o
                0x000000000000204a                ENET_Transmit_IRQHandler
 .text.ENET_Receive_IRQHandler
                0x0000000000002052        0x8 ./startup/startup_mk64f12.o
                0x0000000000002052                ENET_Receive_IRQHandler
 .text.ENET_Error_IRQHandler
                0x000000000000205a        0x8 ./startup/startup_mk64f12.o
                0x000000000000205a                ENET_Error_IRQHandler
 .text.HardFault_Handler
                0x0000000000002062       0x2c ./source/semihost_hardfault.o
                0x0000000000002062                HardFault_Handler
 .text.OSC_SetExtRefClkConfig
                0x000000000000208e       0x34 ./drivers/fsl_clock.o
 .text.OSC_SetCapLoad
                0x00000000000020c2       0x34 ./drivers/fsl_clock.o
 .text.CLOCK_GetPll0RefFreq
                0x00000000000020f6        0xe ./drivers/fsl_clock.o
 .text.CLOCK_EnableClock
                0x0000000000002104       0x34 ./drivers/fsl_uart.o
 .text.UART_GetStatusFlags
                0x0000000000002138       0x48 ./drivers/fsl_uart.o
                0x0000000000002138                UART_GetStatusFlags
 .text.UART_ClearStatusFlags
                0x0000000000002180       0x80 ./drivers/fsl_uart.o
                0x0000000000002180                UART_ClearStatusFlags
 .text.UART_WriteBlocking
                0x0000000000002200       0x50 ./drivers/fsl_uart.o
                0x0000000000002200                UART_WriteBlocking
 .text.UART0_RX_TX_DriverIRQHandler
                0x0000000000002250       0x12 ./drivers/fsl_uart.o
                0x0000000000002250                UART0_RX_TX_DriverIRQHandler
 .text.UART1_RX_TX_DriverIRQHandler
                0x0000000000002262       0x12 ./drivers/fsl_uart.o
                0x0000000000002262                UART1_RX_TX_DriverIRQHandler
 .text.UART2_RX_TX_DriverIRQHandler
                0x0000000000002274       0x12 ./drivers/fsl_uart.o
                0x0000000000002274                UART2_RX_TX_DriverIRQHandler
 .text.UART3_RX_TX_DriverIRQHandler
                0x0000000000002286       0x12 ./drivers/fsl_uart.o
                0x0000000000002286                UART3_RX_TX_DriverIRQHandler
 .text.UART4_RX_TX_DriverIRQHandler
                0x0000000000002298       0x12 ./drivers/fsl_uart.o
                0x0000000000002298                UART4_RX_TX_DriverIRQHandler
 .text.UART5_RX_TX_DriverIRQHandler
                0x00000000000022aa       0x12 ./drivers/fsl_uart.o
                0x00000000000022aa                UART5_RX_TX_DriverIRQHandler
 .text.SystemInitHook
                0x00000000000022bc        0xe ./device/system_MK64F12.o
                0x00000000000022bc                SystemInitHook
 .text.HAL_UartGetStatus
                0x00000000000022ca       0x22 ./component/uart/fsl_adapter_uart.o
 .text.BOARD_InitDebugConsole
                0x00000000000022ec       0x22 ./board/board.o
                0x00000000000022ec                BOARD_InitDebugConsole
 .text.BOARD_InitBootClocks
                0x000000000000230e        0xc ./board/clock_config.o
                0x000000000000230e                BOARD_InitBootClocks
 .text.CLOCK_EnableClock
                0x000000000000231a       0x34 ./board/pin_mux.o
 .text.PORT_SetPinMux
                0x000000000000234e       0x3a ./board/pin_mux.o
 .text.BOARD_InitBootPins
                0x0000000000002388        0xc ./board/pin_mux.o
                0x0000000000002388                BOARD_InitBootPins
 .text.__main   0x0000000000002394        0xe /opt/mcuxpresso-ide/ide/plugins/com.nxp.mcuxpresso.tools.linux_11.7.1.202301190959/tools/bin/../lib/gcc/arm-none-eabi/10.3.1/../../../../arm-none-eabi/lib/thumb/v7e-m+fp/hard/libcr_nohost_nf.a(_cr__main.o)
                0x0000000000002394                __main
 .text.memcpy   0x00000000000023a2        0x4 /opt/mcuxpresso-ide/ide/plugins/com.nxp.mcuxpresso.tools.linux_11.7.1.202301190959/tools/bin/../lib/gcc/arm-none-eabi/10.3.1/../../../../arm-none-eabi/lib/thumb/v7e-m+fp/hard/libcr_c.a(memcpy.o)
                0x00000000000023a2                memcpy
 .text.memset   0x00000000000023a6        0x4 /opt/mcuxpresso-ide/ide/plugins/com.nxp.mcuxpresso.tools.linux_11.7.1.202301190959/tools/bin/../lib/gcc/arm-none-eabi/10.3.1/../../../../arm-none-eabi/lib/thumb/v7e-m+fp/hard/libcr_c.a(memset.o)
                0x00000000000023a6                memset
 .text.free     0x00000000000023aa       0x30 /opt/mcuxpresso-ide/ide/plugins/com.nxp.mcuxpresso.tools.linux_11.7.1.202301190959/tools/bin/../lib/gcc/arm-none-eabi/10.3.1/../../../../arm-none-eabi/lib/thumb/v7e-m+fp/hard/libcr_c.a(alloc.o)
                0x00000000000023aa                free
 .text.setvbuf  0x00000000000023da       0x3e /opt/mcuxpresso-ide/ide/plugins/com.nxp.mcuxpresso.tools.linux_11.7.1.202301190959/tools/bin/../lib/gcc/arm-none-eabi/10.3.1/../../../../arm-none-eabi/lib/thumb/v7e-m+fp/hard/libcr_c.a(setvbuf.o)
                0x00000000000023da                setvbuf
 .text.strlen   0x0000000000002418       0x48 /opt/mcuxpresso-ide/ide/plugins/com.nxp.mcuxpresso.tools.linux_11.7.1.202301190959/tools/bin/../lib/gcc/arm-none-eabi/10.3.1/../../../../arm-none-eabi/lib/thumb/v7e-m+fp/hard/libcr_c.a(strlen.o)
                0x0000000000002418                strlen
 .text._fdopen  0x0000000000002460       0x68 /opt/mcuxpresso-ide/ide/plugins/com.nxp.mcuxpresso.tools.linux_11.7.1.202301190959/tools/bin/../lib/gcc/arm-none-eabi/10.3.1/../../../../arm-none-eabi/lib/thumb/v7e-m+fp/hard/libcr_c.a(_fdopen.o)
                0x0000000000002460                _fdopen
 .text.fclose   0x00000000000024c8       0x58 /opt/mcuxpresso-ide/ide/plugins/com.nxp.mcuxpresso.tools.linux_11.7.1.202301190959/tools/bin/../lib/gcc/arm-none-eabi/10.3.1/../../../../arm-none-eabi/lib/thumb/v7e-m+fp/hard/libcr_c.a(fclose.o)
                0x00000000000024c8                fclose
 .text.remove   0x0000000000002520       0x14 /opt/mcuxpresso-ide/ide/plugins/com.nxp.mcuxpresso.tools.linux_11.7.1.202301190959/tools/bin/../lib/gcc/arm-none-eabi/10.3.1/../../../../arm-none-eabi/lib/thumb/v7e-m+fp/hard/libcr_c.a(remove.o)
                0x0000000000002520                remove
 .text._do_fflush
                0x0000000000002534       0x40 /opt/mcuxpresso-ide/ide/plugins/com.nxp.mcuxpresso.tools.linux_11.7.1.202301190959/tools/bin/../lib/gcc/arm-none-eabi/10.3.1/../../../../arm-none-eabi/lib/thumb/v7e-m+fp/hard/libcr_c.a(_do_fflush.o)
                0x0000000000002534                _do_fflush
 .text._fflush  0x0000000000002574       0x52 /opt/mcuxpresso-ide/ide/plugins/com.nxp.mcuxpresso.tools.linux_11.7.1.202301190959/tools/bin/../lib/gcc/arm-none-eabi/10.3.1/../../../../arm-none-eabi/lib/thumb/v7e-m+fp/hard/libcr_c.a(_fflush.o)
                0x0000000000002574                _fflush
 .text._deferredlazyseek
                0x00000000000025c6       0x40 /opt/mcuxpresso-ide/ide/plugins/com.nxp.mcuxpresso.tools.linux_11.7.1.202301190959/tools/bin/../lib/gcc/arm-none-eabi/10.3.1/../../../../arm-none-eabi/lib/thumb/v7e-m+fp/hard/libcr_c.a(_deferredlazyseek.o)
                0x00000000000025c6                _deferredlazyseek
 .text.__aeabi_memcpy
                0x0000000000002606       0x34 /opt/mcuxpresso-ide/ide/plugins/com.nxp.mcuxpresso.tools.linux_11.7.1.202301190959/tools/bin/../lib/gcc/arm-none-eabi/10.3.1/thumb/v7e-m+fp/hard/libcr_eabihelpers.a(memcpy.o)
                0x0000000000002606                __aeabi_memcpy
                0x0000000000002610                __aeabi_memcpy4
                0x0000000000002610                __aeabi_memcpy8
 .text.__aeabi_memset_lowlevel
                0x000000000000263a       0x32 /opt/mcuxpresso-ide/ide/plugins/com.nxp.mcuxpresso.tools.linux_11.7.1.202301190959/tools/bin/../lib/gcc/arm-none-eabi/10.3.1/thumb/v7e-m+fp/hard/libcr_eabihelpers.a(memcpy.o)
                0x000000000000263a                __aeabi_lowlevel_memset
 .text.__sys_close
                0x000000000000266c        0x6 /opt/mcuxpresso-ide/ide/plugins/com.nxp.mcuxpresso.tools.linux_11.7.1.202301190959/tools/bin/../lib/gcc/arm-none-eabi/10.3.1/../../../../arm-none-eabi/lib/thumb/v7e-m+fp/hard/libcr_nohost_nf.a(__sys_close.o)
                0x000000000000266c                __sys_close
 .text.__sys_flen
                0x0000000000002672        0x6 /opt/mcuxpresso-ide/ide/plugins/com.nxp.mcuxpresso.tools.linux_11.7.1.202301190959/tools/bin/../lib/gcc/arm-none-eabi/10.3.1/../../../../arm-none-eabi/lib/thumb/v7e-m+fp/hard/libcr_nohost_nf.a(__sys_flen.o)
                0x0000000000002672                __sys_flen
 .text.__sys_istty
                0x0000000000002678        0x6 /opt/mcuxpresso-ide/ide/plugins/com.nxp.mcuxpresso.tools.linux_11.7.1.202301190959/tools/bin/../lib/gcc/arm-none-eabi/10.3.1/../../../../arm-none-eabi/lib/thumb/v7e-m+fp/hard/libcr_nohost_nf.a(__sys_istty.o)
                0x0000000000002678                __sys_istty
 .text.__sys_remove
                0x000000000000267e        0x6 /opt/mcuxpresso-ide/ide/plugins/com.nxp.mcuxpresso.tools.linux_11.7.1.202301190959/tools/bin/../lib/gcc/arm-none-eabi/10.3.1/../../../../arm-none-eabi/lib/thumb/v7e-m+fp/hard/libcr_nohost_nf.a(__sys_remove.o)
                0x000000000000267e                __sys_remove
 .text.__sys_seek
                0x0000000000002684        0x6 /opt/mcuxpresso-ide/ide/plugins/com.nxp.mcuxpresso.tools.linux_11.7.1.202301190959/tools/bin/../lib/gcc/arm-none-eabi/10.3.1/../../../../arm-none-eabi/lib/thumb/v7e-m+fp/hard/libcr_nohost_nf.a(__sys_seek.o)
                0x0000000000002684                __sys_seek
 .text.__sys_tmpnam
                0x000000000000268a        0x6 /opt/mcuxpresso-ide/ide/plugins/com.nxp.mcuxpresso.tools.linux_11.7.1.202301190959/tools/bin/../lib/gcc/arm-none-eabi/10.3.1/../../../../arm-none-eabi/lib/thumb/v7e-m+fp/hard/libcr_nohost_nf.a(__sys_tmpnam.o)
                0x000000000000268a                __sys_tmpnam
 .text.__sys_write
                0x0000000000002690        0x4 /opt/mcuxpresso-ide/ide/plugins/com.nxp.mcuxpresso.tools.linux_11.7.1.202301190959/tools/bin/../lib/gcc/arm-none-eabi/10.3.1/../../../../arm-none-eabi/lib/thumb/v7e-m+fp/hard/libcr_nohost_nf.a(__sys_write.o)
                0x0000000000002690                __sys_write
 *(SORT_BY_ALIGNMENT(.rodata) SORT_BY_ALIGNMENT(.rodata.*) SORT_BY_ALIGNMENT(.constdata) SORT_BY_ALIGNMENT(.constdata.*))
 .rodata.__assertion_failed.str1.4
                0x0000000000002694       0x14 ./utilities/fsl_assert.o
 .rodata.main.str1.4
                0x00000000000026a8       0x13 ./source/hello_world.o
 *fill*         0x00000000000026bb        0x1 ff
 .rodata.CLOCK_GetMcgExtClkFreq.str1.4
                0x00000000000026bc       0x49 ./drivers/fsl_clock.o
 *fill*         0x0000000000002705        0x3 ff
 .rodata.CLOCK_GetPll0Freq.str1.4
                0x0000000000002708       0x1d ./drivers/fsl_clock.o
 *fill*         0x0000000000002725        0x3 ff
 .rodata.CLOCK_EnablePll0.str1.4
                0x0000000000002728       0x1a ./drivers/fsl_clock.o
 *fill*         0x0000000000002742        0x2 ff
 .rodata.CLOCK_SetPbeMode.str1.4
                0x0000000000002744       0x1a ./drivers/fsl_clock.o
 *fill*         0x000000000000275e        0x2 ff
 .rodata.CLOCK_BootToPeeMode.str1.4
                0x0000000000002760       0x1a ./drivers/fsl_clock.o
 *fill*         0x000000000000277a        0x2 ff
 .rodata.fllFactorTable.1
                0x000000000000277c       0x10 ./drivers/fsl_clock.o
 .rodata.s_uartBases
                0x000000000000278c       0x18 ./drivers/fsl_uart.o
 .rodata.s_uartClock
                0x00000000000027a4       0x18 ./drivers/fsl_uart.o
 .rodata.UART_GetInstance.str1.4
                0x00000000000027bc       0x2b ./drivers/fsl_uart.o
 *fill*         0x00000000000027e7        0x1 ff
 .rodata.UART_Init.str1.4
                0x00000000000027e8       0xfb ./drivers/fsl_uart.o
 *fill*         0x00000000000028e3        0x1 ff
 .rodata.UART_GetDefaultConfig.str1.4
                0x00000000000028e4       0x20 ./drivers/fsl_uart.o
 .rodata.UART_ReadBlocking.str1.4
                0x0000000000002904       0x1e ./drivers/fsl_uart.o
 *fill*         0x0000000000002922        0x2 ff
 .rodata.s_UartAdapterBase
                0x0000000000002924       0x18 ./component/uart/fsl_adapter_uart.o
 .rodata.HAL_UartInit.str1.4
                0x000000000000293c       0xdd ./component/uart/fsl_adapter_uart.o
 *fill*         0x0000000000002a19        0x3 ff
 .rodata.HAL_UartReceiveBlocking.str1.4
                0x0000000000002a1c       0x60 ./component/uart/fsl_adapter_uart.o
 .rodata.HAL_UartSendBlocking.str1.4
                0x0000000000002a7c       0x60 ./component/uart/fsl_adapter_uart.o
 .rodata.mcgConfig_BOARD_BootClockRUN
                0x0000000000002adc        0xb ./board/clock_config.o
                0x0000000000002adc                mcgConfig_BOARD_BootClockRUN
 *fill*         0x0000000000002ae7        0x1 ff
 .rodata.simConfig_BOARD_BootClockRUN
                0x0000000000002ae8        0x8 ./board/clock_config.o
                0x0000000000002ae8                simConfig_BOARD_BootClockRUN
 .rodata.oscConfig_BOARD_BootClockRUN
                0x0000000000002af0        0x8 ./board/clock_config.o
                0x0000000000002af0                oscConfig_BOARD_BootClockRUN
 .rodata.__num_Ciob_streams
                0x0000000000002af8        0x4 /opt/mcuxpresso-ide/ide/plugins/com.nxp.mcuxpresso.tools.linux_11.7.1.202301190959/tools/bin/../lib/gcc/arm-none-eabi/10.3.1/../../../../arm-none-eabi/lib/thumb/v7e-m+fp/hard/libcr_nohost_nf.a(__ciob.o)
                0x0000000000002af8                __num_Ciob_streams
 .rodata._initio.str1.1
                0x0000000000002afc        0x4 /opt/mcuxpresso-ide/ide/plugins/com.nxp.mcuxpresso.tools.linux_11.7.1.202301190959/tools/bin/../lib/gcc/arm-none-eabi/10.3.1/../../../../arm-none-eabi/lib/thumb/v7e-m+fp/hard/libcr_c.a(initio.o)
                0x0000000000002b00                . = ALIGN (0x8)

.glue_7         0x0000000000002b00        0x0
 .glue_7        0x0000000000002b00        0x0 linker stubs

.glue_7t        0x0000000000002b00        0x0
 .glue_7t       0x0000000000002b00        0x0 linker stubs

.vfp11_veneer   0x0000000000002b00        0x0
 .vfp11_veneer  0x0000000000002b00        0x0 linker stubs

.v4_bx          0x0000000000002b00        0x0
 .v4_bx         0x0000000000002b00        0x0 linker stubs

.iplt           0x0000000000002b00        0x0
 .iplt          0x0000000000002b00        0x0 ./utilities/fsl_assert.o

.rel.dyn        0x0000000000002b00        0x0
 .rel.iplt      0x0000000000002b00        0x0 ./utilities/fsl_assert.o

.ARM.extab
 *(SORT_BY_ALIGNMENT(.ARM.extab*) SORT_BY_ALIGNMENT(.gnu.linkonce.armextab.*))

.ARM.exidx      0x0000000000002b00        0x0
                0x0000000000002b00                __exidx_start = .
 *(SORT_BY_ALIGNMENT(.ARM.exidx*) SORT_BY_ALIGNMENT(.gnu.linkonce.armexidx.*))
                0x0000000000002b00                __exidx_end = .
                0x0000000000002b00                _etext = .

.m_usb_data
 *(SORT_BY_ALIGNMENT(m_usb_bdt))

.data_RAM2      0x000000001fff0000        0x0 load address 0x0000000000002b00
 FILL mask 0xff
                [!provide]                        PROVIDE (__start_data_RAM2 = .)
                [!provide]                        PROVIDE (__start_data_SRAM_LOWER = .)
 *(SORT_BY_ALIGNMENT(.ramfunc.$RAM2))
 *(SORT_BY_ALIGNMENT(.ramfunc.$SRAM_LOWER))
 *(SORT_BY_ALIGNMENT(.data.$RAM2))
 *(SORT_BY_ALIGNMENT(.data.$SRAM_LOWER))
 *(SORT_BY_ALIGNMENT(.data.$RAM2.*))
 *(SORT_BY_ALIGNMENT(.data.$SRAM_LOWER.*))
                0x000000001fff0000                . = ALIGN (0x8)
                [!provide]                        PROVIDE (__end_data_RAM2 = .)
                [!provide]                        PROVIDE (__end_data_SRAM_LOWER = .)

.data_RAM3      0x0000000014000000        0x0 load address 0x0000000000002b00
 FILL mask 0xff
                [!provide]                        PROVIDE (__start_data_RAM3 = .)
                [!provide]                        PROVIDE (__start_data_FLEX_RAM = .)
 *(SORT_BY_ALIGNMENT(.ramfunc.$RAM3))
 *(SORT_BY_ALIGNMENT(.ramfunc.$FLEX_RAM))
 *(SORT_BY_ALIGNMENT(.data.$RAM3))
 *(SORT_BY_ALIGNMENT(.data.$FLEX_RAM))
 *(SORT_BY_ALIGNMENT(.data.$RAM3.*))
 *(SORT_BY_ALIGNMENT(.data.$FLEX_RAM.*))
                0x0000000014000000                . = ALIGN (0x8)
                [!provide]                        PROVIDE (__end_data_RAM3 = .)
                [!provide]                        PROVIDE (__end_data_FLEX_RAM = .)

.uninit_RESERVED
                0x0000000020000000        0x0
                0x0000000020000000                _start_uninit_RESERVED = .
 *(SORT_BY_ALIGNMENT(.bss.$RESERVED*))
                0x0000000020000000                . = ALIGN (0x8)
                0x0000000020000000                _end_uninit_RESERVED = .

.data           0x0000000020000000       0x10 load address 0x0000000000002b00
 FILL mask 0xff
                0x0000000020000000                _data = .
                [!provide]                        PROVIDE (__start_data_RAM = .)
                [!provide]                        PROVIDE (__start_data_SRAM_UPPER = .)
 *(SORT_BY_ALIGNMENT(vtable))
 *(SORT_BY_ALIGNMENT(.ramfunc*))
 *(SORT_BY_ALIGNMENT(CodeQuickAccess))
 *(SORT_BY_ALIGNMENT(DataQuickAccess))
 *(SORT_BY_ALIGNMENT(RamFunction))
 *(SORT_BY_ALIGNMENT(.data*))
 .data.s_slowIrcFreq
                0x0000000020000000        0x4 ./drivers/fsl_clock.o
 .data.s_fastIrcFreq
                0x0000000020000004        0x4 ./drivers/fsl_clock.o
 .data.SystemCoreClock
                0x0000000020000008        0x4 ./device/system_MK64F12.o
                0x0000000020000008                SystemCoreClock
                0x0000000020000010                . = ALIGN (0x8)
 *fill*         0x000000002000000c        0x4 ff
                0x0000000020000010                _edata = .
                [!provide]                        PROVIDE (__end_data_RAM = .)
                [!provide]                        PROVIDE (__end_data_SRAM_UPPER = .)

.igot.plt       0x0000000020000010        0x0 load address 0x0000000000002b10
 .igot.plt      0x0000000020000010        0x0 ./utilities/fsl_assert.o

.bss_RAM2       0x000000001fff0000        0x0
                [!provide]                        PROVIDE (__start_bss_RAM2 = .)
                [!provide]                        PROVIDE (__start_bss_SRAM_LOWER = .)
 *(SORT_BY_ALIGNMENT(.bss.$RAM2))
 *(SORT_BY_ALIGNMENT(.bss.$SRAM_LOWER))
 *(SORT_BY_ALIGNMENT(.bss.$RAM2.*))
 *(SORT_BY_ALIGNMENT(.bss.$SRAM_LOWER.*))
                0x000000001fff0000                . = ALIGN ((. != 0x0)?0x8:0x1)
                [!provide]                        PROVIDE (__end_bss_RAM2 = .)
                [!provide]                        PROVIDE (__end_bss_SRAM_LOWER = .)

.bss_RAM3       0x0000000014000000        0x0
                [!provide]                        PROVIDE (__start_bss_RAM3 = .)
                [!provide]                        PROVIDE (__start_bss_FLEX_RAM = .)
 *(SORT_BY_ALIGNMENT(.bss.$RAM3))
 *(SORT_BY_ALIGNMENT(.bss.$FLEX_RAM))
 *(SORT_BY_ALIGNMENT(.bss.$RAM3.*))
 *(SORT_BY_ALIGNMENT(.bss.$FLEX_RAM.*))
                0x0000000014000000                . = ALIGN ((. != 0x0)?0x8:0x1)
                [!provide]                        PROVIDE (__end_bss_RAM3 = .)
                [!provide]                        PROVIDE (__end_bss_FLEX_RAM = .)

.bss            0x0000000020000010       0xf0
                0x0000000020000010                _bss = .
                [!provide]                        PROVIDE (__start_bss_RAM = .)
                [!provide]                        PROVIDE (__start_bss_SRAM_UPPER = .)
 *(SORT_BY_ALIGNMENT(.bss*))
 .bss.s_debugConsole
                0x0000000020000010       0x14 ./utilities/fsl_debug_console.o
 .bss.g_xtal0Freq
                0x0000000020000024        0x4 ./drivers/fsl_clock.o
                0x0000000020000024                g_xtal0Freq
 .bss.g_xtal32Freq
                0x0000000020000028        0x4 ./drivers/fsl_clock.o
                0x0000000020000028                g_xtal32Freq
 .bss.s_uartHandle
                0x000000002000002c       0x18 ./drivers/fsl_uart.o
                0x000000002000002c                s_uartHandle
 .bss.s_uartIsr
                0x0000000020000044        0x4 ./drivers/fsl_uart.o
                0x0000000020000044                s_uartIsr
 .bss.errno     0x0000000020000048        0x4 /opt/mcuxpresso-ide/ide/plugins/com.nxp.mcuxpresso.tools.linux_11.7.1.202301190959/tools/bin/../lib/gcc/arm-none-eabi/10.3.1/../../../../arm-none-eabi/lib/thumb/v7e-m+fp/hard/libcr_c.a(errno.o)
                0x0000000020000048                errno
 .bss.__Ciob    0x000000002000004c       0xb4 /opt/mcuxpresso-ide/ide/plugins/com.nxp.mcuxpresso.tools.linux_11.7.1.202301190959/tools/bin/../lib/gcc/arm-none-eabi/10.3.1/../../../../arm-none-eabi/lib/thumb/v7e-m+fp/hard/libcr_nohost_nf.a(__ciob.o)
                0x000000002000004c                __Ciob
 *(SORT_BY_ALIGNMENT(COMMON))
                0x0000000020000100                . = ALIGN (0x8)
                0x0000000020000100                _ebss = .
                [!provide]                        PROVIDE (__end_bss_RAM = .)
                [!provide]                        PROVIDE (__end_bss_SRAM_UPPER = .)
                [!provide]                        PROVIDE (end = .)

.noinit_RAM2    0x000000001fff0000        0x0
                [!provide]                        PROVIDE (__start_noinit_RAM2 = .)
                [!provide]                        PROVIDE (__start_noinit_SRAM_LOWER = .)
 *(SORT_BY_ALIGNMENT(.noinit.$RAM2))
 *(SORT_BY_ALIGNMENT(.noinit.$SRAM_LOWER))
 *(SORT_BY_ALIGNMENT(.noinit.$RAM2.*))
 *(SORT_BY_ALIGNMENT(.noinit.$SRAM_LOWER.*))
                0x000000001fff0000                . = ALIGN (0x8)
                [!provide]                        PROVIDE (__end_noinit_RAM2 = .)
                [!provide]                        PROVIDE (__end_noinit_SRAM_LOWER = .)

.noinit_RAM3    0x0000000014000000        0x0
                [!provide]                        PROVIDE (__start_noinit_RAM3 = .)
                [!provide]                        PROVIDE (__start_noinit_FLEX_RAM = .)
 *(SORT_BY_ALIGNMENT(.noinit.$RAM3))
 *(SORT_BY_ALIGNMENT(.noinit.$FLEX_RAM))
 *(SORT_BY_ALIGNMENT(.noinit.$RAM3.*))
 *(SORT_BY_ALIGNMENT(.noinit.$FLEX_RAM.*))
                0x0000000014000000                . = ALIGN (0x8)
                [!provide]                        PROVIDE (__end_noinit_RAM3 = .)
                [!provide]                        PROVIDE (__end_noinit_FLEX_RAM = .)

.noinit         0x0000000020000100        0x0
                0x0000000020000100                _noinit = .
                [!provide]                        PROVIDE (__start_noinit_RAM = .)
                [!provide]                        PROVIDE (__start_noinit_SRAM_UPPER = .)
 *(SORT_BY_ALIGNMENT(.noinit*))
                0x0000000020000100                . = ALIGN (0x8)
                0x0000000020000100                _end_noinit = .
                [!provide]                        PROVIDE (__end_noinit_RAM = .)
                [!provide]                        PROVIDE (__end_noinit_SRAM_UPPER = .)
                0x0000000000001000                _HeapSize = 0x1000

.heap           0x0000000020000100     0x1000
                0x0000000020000100                _pvHeapStart = .
                0x0000000020001100                . = (. + _HeapSize)
 *fill*         0x0000000020000100     0x1000 
                0x0000000020001100                . = ALIGN (0x8)
                0x0000000020001100                _pvHeapLimit = .
                0x0000000000001000                _StackSize = 0x1000

.heap2stackfill
                0x0000000020001100     0x1000
                0x0000000020002100                . = (. + _StackSize)
 *fill*         0x0000000020001100     0x1000 

.stack          0x000000002002f000        0x0
                0x000000002002f000                _vStackBase = .
                0x000000002002f000                . = ALIGN (0x8)
                0x0000000020030000                _vStackTop = (. + _StackSize)
                0x0000000000000000                _image_start = LOADADDR (.text)
                0x0000000000002b10                _image_end = (LOADADDR (.data) + SIZEOF (.data))
                0x0000000000002b10                _image_size = (_image_end - _image_start)
OUTPUT(frdmk64f_hello_world.axf elf32-littlearm)
LOAD linker stubs

.debug_info     0x0000000000000000     0x7c8d
 .debug_info    0x0000000000000000       0xa3 ./utilities/fsl_assert.o
 .debug_info    0x00000000000000a3      0xca3 ./utilities/fsl_debug_console.o
 .debug_info    0x0000000000000d46      0x93a ./startup/startup_mk64f12.o
 .debug_info    0x0000000000001680       0xb7 ./source/hello_world.o
 .debug_info    0x0000000000001737       0x3c ./source/semihost_hardfault.o
 .debug_info    0x0000000000001773     0x21c3 ./drivers/fsl_clock.o
 .debug_info    0x0000000000003936     0x1f90 ./drivers/fsl_uart.o
 .debug_info    0x00000000000058c6      0x649 ./device/system_MK64F12.o
 .debug_info    0x0000000000005f0f      0xa7e ./component/uart/fsl_adapter_uart.o
 .debug_info    0x000000000000698d       0xbd ./board/board.o
 .debug_info    0x0000000000006a4a      0xbd9 ./board/clock_config.o
 .debug_info    0x0000000000007623      0x66a ./board/pin_mux.o

.debug_abbrev   0x0000000000000000     0x1386
 .debug_abbrev  0x0000000000000000       0x66 ./utilities/fsl_assert.o
 .debug_abbrev  0x0000000000000066      0x24b ./utilities/fsl_debug_console.o
 .debug_abbrev  0x00000000000002b1      0x185 ./startup/startup_mk64f12.o
 .debug_abbrev  0x0000000000000436       0x65 ./source/hello_world.o
 .debug_abbrev  0x000000000000049b       0x31 ./source/semihost_hardfault.o
 .debug_abbrev  0x00000000000004cc      0x359 ./drivers/fsl_clock.o
 .debug_abbrev  0x0000000000000825      0x42e ./drivers/fsl_uart.o
 .debug_abbrev  0x0000000000000c53      0x148 ./device/system_MK64F12.o
 .debug_abbrev  0x0000000000000d9b      0x1c9 ./component/uart/fsl_adapter_uart.o
 .debug_abbrev  0x0000000000000f64       0x85 ./board/board.o
 .debug_abbrev  0x0000000000000fe9      0x214 ./board/clock_config.o
 .debug_abbrev  0x00000000000011fd      0x189 ./board/pin_mux.o

.debug_aranges  0x0000000000000000      0x8e8
 .debug_aranges
                0x0000000000000000       0x20 ./utilities/fsl_assert.o
 .debug_aranges
                0x0000000000000020       0x78 ./utilities/fsl_debug_console.o
 .debug_aranges
                0x0000000000000098      0x330 ./startup/startup_mk64f12.o
 .debug_aranges
                0x00000000000003c8       0x20 ./source/hello_world.o
 .debug_aranges
                0x00000000000003e8       0x20 ./source/semihost_hardfault.o
 .debug_aranges
                0x0000000000000408      0x1f8 ./drivers/fsl_clock.o
 .debug_aranges
                0x0000000000000600      0x1b8 ./drivers/fsl_uart.o
 .debug_aranges
                0x00000000000007b8       0x30 ./device/system_MK64F12.o
 .debug_aranges
                0x00000000000007e8       0x50 ./component/uart/fsl_adapter_uart.o
 .debug_aranges
                0x0000000000000838       0x20 ./board/board.o
 .debug_aranges
                0x0000000000000858       0x58 ./board/clock_config.o
 .debug_aranges
                0x00000000000008b0       0x38 ./board/pin_mux.o

.debug_ranges   0x0000000000000000      0x828
 .debug_ranges  0x0000000000000000       0x10 ./utilities/fsl_assert.o
 .debug_ranges  0x0000000000000010       0x68 ./utilities/fsl_debug_console.o
 .debug_ranges  0x0000000000000078      0x320 ./startup/startup_mk64f12.o
 .debug_ranges  0x0000000000000398       0x10 ./source/hello_world.o
 .debug_ranges  0x00000000000003a8       0x10 ./source/semihost_hardfault.o
 .debug_ranges  0x00000000000003b8      0x1e8 ./drivers/fsl_clock.o
 .debug_ranges  0x00000000000005a0      0x1a8 ./drivers/fsl_uart.o
 .debug_ranges  0x0000000000000748       0x20 ./device/system_MK64F12.o
 .debug_ranges  0x0000000000000768       0x40 ./component/uart/fsl_adapter_uart.o
 .debug_ranges  0x00000000000007a8       0x10 ./board/board.o
 .debug_ranges  0x00000000000007b8       0x48 ./board/clock_config.o
 .debug_ranges  0x0000000000000800       0x28 ./board/pin_mux.o

.debug_macro    0x0000000000000000    0x13580
 .debug_macro   0x0000000000000000      0x123 ./utilities/fsl_assert.o
 .debug_macro   0x0000000000000123      0xac6 ./utilities/fsl_assert.o
 .debug_macro   0x0000000000000be9       0x10 ./utilities/fsl_assert.o
 .debug_macro   0x0000000000000bf9       0x1c ./utilities/fsl_assert.o
 .debug_macro   0x0000000000000c15       0x22 ./utilities/fsl_assert.o
 .debug_macro   0x0000000000000c37      0x12e ./utilities/fsl_assert.o
 .debug_macro   0x0000000000000d65      0x5b3 ./utilities/fsl_assert.o
 .debug_macro   0x0000000000001318       0x22 ./utilities/fsl_assert.o
 .debug_macro   0x000000000000133a       0x10 ./utilities/fsl_assert.o
 .debug_macro   0x000000000000134a       0x58 ./utilities/fsl_assert.o
 .debug_macro   0x00000000000013a2       0x1c ./utilities/fsl_assert.o
 .debug_macro   0x00000000000013be       0x22 ./utilities/fsl_assert.o
 .debug_macro   0x00000000000013e0       0xfb ./utilities/fsl_assert.o
 .debug_macro   0x00000000000014db      0xeeb ./utilities/fsl_assert.o
 .debug_macro   0x00000000000023c6       0x40 ./utilities/fsl_assert.o
 .debug_macro   0x0000000000002406     0xec5f ./utilities/fsl_assert.o
 .debug_macro   0x0000000000011065     0x12e8 ./utilities/fsl_assert.o
 .debug_macro   0x000000000001234d       0x7a ./utilities/fsl_assert.o
 .debug_macro   0x00000000000123c7       0xa8 ./utilities/fsl_assert.o
 .debug_macro   0x000000000001246f      0x174 ./utilities/fsl_assert.o
 .debug_macro   0x00000000000125e3       0x1c ./utilities/fsl_assert.o
 .debug_macro   0x00000000000125ff       0x1c ./utilities/fsl_assert.o
 .debug_macro   0x000000000001261b       0x1c ./utilities/fsl_assert.o
 .debug_macro   0x0000000000012637      0x149 ./utilities/fsl_debug_console.o
 .debug_macro   0x0000000000012780       0x16 ./utilities/fsl_debug_console.o
 .debug_macro   0x0000000000012796       0x10 ./utilities/fsl_debug_console.o
 .debug_macro   0x00000000000127a6       0x28 ./utilities/fsl_debug_console.o
 .debug_macro   0x00000000000127ce       0xc4 ./utilities/fsl_debug_console.o
 .debug_macro   0x0000000000012892       0x16 ./utilities/fsl_debug_console.o
 .debug_macro   0x00000000000128a8       0x16 ./utilities/fsl_debug_console.o
 .debug_macro   0x00000000000128be       0x46 ./utilities/fsl_debug_console.o
 .debug_macro   0x0000000000012904       0x29 ./startup/startup_mk64f12.o
 .debug_macro   0x000000000001292d      0x166 ./source/hello_world.o
 .debug_macro   0x0000000000012a93       0x34 ./source/hello_world.o
 .debug_macro   0x0000000000012ac7       0x1c ./source/hello_world.o
 .debug_macro   0x0000000000012ae3       0x16 ./source/hello_world.o
 .debug_macro   0x0000000000012af9       0x16 ./source/hello_world.o
 .debug_macro   0x0000000000012b0f      0x1ab ./source/hello_world.o
 .debug_macro   0x0000000000012cba       0x11 ./source/semihost_hardfault.o
 .debug_macro   0x0000000000012ccb      0x1d8 ./drivers/fsl_clock.o
 .debug_macro   0x0000000000012ea3      0x127 ./drivers/fsl_uart.o
 .debug_macro   0x0000000000012fca       0x10 ./drivers/fsl_uart.o
 .debug_macro   0x0000000000012fda       0x98 ./device/system_MK64F12.o
 .debug_macro   0x0000000000013072      0x11e ./component/uart/fsl_adapter_uart.o
 .debug_macro   0x0000000000013190       0x16 ./component/uart/fsl_adapter_uart.o
 .debug_macro   0x00000000000131a6      0x153 ./board/board.o
 .debug_macro   0x00000000000132f9       0x16 ./board/board.o
 .debug_macro   0x000000000001330f      0x153 ./board/clock_config.o
 .debug_macro   0x0000000000013462      0x11e ./board/pin_mux.o

.debug_line     0x0000000000000000     0x5d12
 .debug_line    0x0000000000000000      0x392 ./utilities/fsl_assert.o
 .debug_line    0x0000000000000392      0xc43 ./utilities/fsl_debug_console.o
 .debug_line    0x0000000000000fd5      0x911 ./startup/startup_mk64f12.o
 .debug_line    0x00000000000018e6      0x4b7 ./source/hello_world.o
 .debug_line    0x0000000000001d9d       0x59 ./source/semihost_hardfault.o
 .debug_line    0x0000000000001df6     0x14d4 ./drivers/fsl_clock.o
 .debug_line    0x00000000000032ca     0x14ae ./drivers/fsl_uart.o
 .debug_line    0x0000000000004778      0x3d8 ./device/system_MK64F12.o
 .debug_line    0x0000000000004b50      0x52b ./component/uart/fsl_adapter_uart.o
 .debug_line    0x000000000000507b      0x419 ./board/board.o
 .debug_line    0x0000000000005494      0x470 ./board/clock_config.o
 .debug_line    0x0000000000005904      0x40e ./board/pin_mux.o

.debug_str      0x0000000000000000    0x803be
 .debug_str     0x0000000000000000    0x79e2f ./utilities/fsl_assert.o
                                      0x79eba (size before relaxing)
 .debug_str     0x0000000000079e2f     0x163d ./utilities/fsl_debug_console.o
                                      0x7b555 (size before relaxing)
 .debug_str     0x000000000007b46c      0x7e0 ./startup/startup_mk64f12.o
                                       0x3685 (size before relaxing)
 .debug_str     0x000000000007bc4c      0xdd0 ./source/hello_world.o
                                      0x7ac52 (size before relaxing)
 .debug_str     0x000000000007ca1c       0x1f ./source/semihost_hardfault.o
                                       0x2e2a (size before relaxing)
 .debug_str     0x000000000007ca3b     0x1e39 ./drivers/fsl_clock.o
                                      0x7c581 (size before relaxing)
 .debug_str     0x000000000007e874     0x1358 ./drivers/fsl_uart.o
                                      0x7bebb (size before relaxing)
 .debug_str     0x000000000007fbcc      0x127 ./device/system_MK64F12.o
                                      0x7846a (size before relaxing)
 .debug_str     0x000000000007fcf3       0xe9 ./component/uart/fsl_adapter_uart.o
                                      0x7ae3c (size before relaxing)
 .debug_str     0x000000000007fddc       0x37 ./board/board.o
                                      0x7abb0 (size before relaxing)
 .debug_str     0x000000000007fe13      0x3b7 ./board/clock_config.o
                                      0x7aed9 (size before relaxing)
 .debug_str     0x00000000000801ca      0x1f4 ./board/pin_mux.o
                                      0x7a403 (size before relaxing)

.comment        0x0000000000000000       0x49
 .comment       0x0000000000000000       0x49 ./utilities/fsl_assert.o
                                         0x4a (size before relaxing)
 .comment       0x0000000000000049       0x4a ./utilities/fsl_debug_console.o
 .comment       0x0000000000000049       0x4a ./startup/startup_mk64f12.o
 .comment       0x0000000000000049       0x4a ./source/hello_world.o
 .comment       0x0000000000000049       0x4a ./source/semihost_hardfault.o
 .comment       0x0000000000000049       0x4a ./drivers/fsl_clock.o
 .comment       0x0000000000000049       0x4a ./drivers/fsl_uart.o
 .comment       0x0000000000000049       0x4a ./device/system_MK64F12.o
 .comment       0x0000000000000049       0x4a ./component/uart/fsl_adapter_uart.o
 .comment       0x0000000000000049       0x4a ./board/board.o
 .comment       0x0000000000000049       0x4a ./board/clock_config.o
 .comment       0x0000000000000049       0x4a ./board/pin_mux.o
 .comment       0x0000000000000049       0x4a /opt/mcuxpresso-ide/ide/plugins/com.nxp.mcuxpresso.tools.linux_11.7.1.202301190959/tools/bin/../lib/gcc/arm-none-eabi/10.3.1/../../../../arm-none-eabi/lib/thumb/v7e-m+fp/hard/libcr_nohost_nf.a(_cr__main.o)
 .comment       0x0000000000000049       0x4a /opt/mcuxpresso-ide/ide/plugins/com.nxp.mcuxpresso.tools.linux_11.7.1.202301190959/tools/bin/../lib/gcc/arm-none-eabi/10.3.1/../../../../arm-none-eabi/lib/thumb/v7e-m+fp/hard/libcr_c.a(memcpy.o)
 .comment       0x0000000000000049       0x4a /opt/mcuxpresso-ide/ide/plugins/com.nxp.mcuxpresso.tools.linux_11.7.1.202301190959/tools/bin/../lib/gcc/arm-none-eabi/10.3.1/../../../../arm-none-eabi/lib/thumb/v7e-m+fp/hard/libcr_c.a(memset.o)
 .comment       0x0000000000000049       0x4a /opt/mcuxpresso-ide/ide/plugins/com.nxp.mcuxpresso.tools.linux_11.7.1.202301190959/tools/bin/../lib/gcc/arm-none-eabi/10.3.1/../../../../arm-none-eabi/lib/thumb/v7e-m+fp/hard/libcr_c.a(alloc.o)
 .comment       0x0000000000000049       0x4a /opt/mcuxpresso-ide/ide/plugins/com.nxp.mcuxpresso.tools.linux_11.7.1.202301190959/tools/bin/../lib/gcc/arm-none-eabi/10.3.1/../../../../arm-none-eabi/lib/thumb/v7e-m+fp/hard/libcr_c.a(initio.o)
 .comment       0x0000000000000049       0x4a /opt/mcuxpresso-ide/ide/plugins/com.nxp.mcuxpresso.tools.linux_11.7.1.202301190959/tools/bin/../lib/gcc/arm-none-eabi/10.3.1/../../../../arm-none-eabi/lib/thumb/v7e-m+fp/hard/libcr_c.a(setvbuf.o)
 .comment       0x0000000000000049       0x4a /opt/mcuxpresso-ide/ide/plugins/com.nxp.mcuxpresso.tools.linux_11.7.1.202301190959/tools/bin/../lib/gcc/arm-none-eabi/10.3.1/../../../../arm-none-eabi/lib/thumb/v7e-m+fp/hard/libcr_c.a(strlen.o)
 .comment       0x0000000000000049       0x4a /opt/mcuxpresso-ide/ide/plugins/com.nxp.mcuxpresso.tools.linux_11.7.1.202301190959/tools/bin/../lib/gcc/arm-none-eabi/10.3.1/../../../../arm-none-eabi/lib/thumb/v7e-m+fp/hard/libcr_c.a(_fdopen.o)
 .comment       0x0000000000000049       0x4a /opt/mcuxpresso-ide/ide/plugins/com.nxp.mcuxpresso.tools.linux_11.7.1.202301190959/tools/bin/../lib/gcc/arm-none-eabi/10.3.1/../../../../arm-none-eabi/lib/thumb/v7e-m+fp/hard/libcr_c.a(errno.o)
 .comment       0x0000000000000049       0x4a /opt/mcuxpresso-ide/ide/plugins/com.nxp.mcuxpresso.tools.linux_11.7.1.202301190959/tools/bin/../lib/gcc/arm-none-eabi/10.3.1/../../../../arm-none-eabi/lib/thumb/v7e-m+fp/hard/libcr_c.a(fclose.o)
 .comment       0x0000000000000049       0x4a /opt/mcuxpresso-ide/ide/plugins/com.nxp.mcuxpresso.tools.linux_11.7.1.202301190959/tools/bin/../lib/gcc/arm-none-eabi/10.3.1/../../../../arm-none-eabi/lib/thumb/v7e-m+fp/hard/libcr_c.a(fflush.o)
 .comment       0x0000000000000049       0x4a /opt/mcuxpresso-ide/ide/plugins/com.nxp.mcuxpresso.tools.linux_11.7.1.202301190959/tools/bin/../lib/gcc/arm-none-eabi/10.3.1/../../../../arm-none-eabi/lib/thumb/v7e-m+fp/hard/libcr_c.a(fseek.o)
 .comment       0x0000000000000049       0x4a /opt/mcuxpresso-ide/ide/plugins/com.nxp.mcuxpresso.tools.linux_11.7.1.202301190959/tools/bin/../lib/gcc/arm-none-eabi/10.3.1/../../../../arm-none-eabi/lib/thumb/v7e-m+fp/hard/libcr_c.a(ftell.o)
 .comment       0x0000000000000049       0x4a /opt/mcuxpresso-ide/ide/plugins/com.nxp.mcuxpresso.tools.linux_11.7.1.202301190959/tools/bin/../lib/gcc/arm-none-eabi/10.3.1/../../../../arm-none-eabi/lib/thumb/v7e-m+fp/hard/libcr_c.a(remove.o)
 .comment       0x0000000000000049       0x4a /opt/mcuxpresso-ide/ide/plugins/com.nxp.mcuxpresso.tools.linux_11.7.1.202301190959/tools/bin/../lib/gcc/arm-none-eabi/10.3.1/../../../../arm-none-eabi/lib/thumb/v7e-m+fp/hard/libcr_c.a(_do_fflush.o)
 .comment       0x0000000000000049       0x4a /opt/mcuxpresso-ide/ide/plugins/com.nxp.mcuxpresso.tools.linux_11.7.1.202301190959/tools/bin/../lib/gcc/arm-none-eabi/10.3.1/../../../../arm-none-eabi/lib/thumb/v7e-m+fp/hard/libcr_c.a(_fflush.o)
 .comment       0x0000000000000049       0x4a /opt/mcuxpresso-ide/ide/plugins/com.nxp.mcuxpresso.tools.linux_11.7.1.202301190959/tools/bin/../lib/gcc/arm-none-eabi/10.3.1/../../../../arm-none-eabi/lib/thumb/v7e-m+fp/hard/libcr_c.a(_writebuf.o)
 .comment       0x0000000000000049       0x4a /opt/mcuxpresso-ide/ide/plugins/com.nxp.mcuxpresso.tools.linux_11.7.1.202301190959/tools/bin/../lib/gcc/arm-none-eabi/10.3.1/../../../../arm-none-eabi/lib/thumb/v7e-m+fp/hard/libcr_c.a(_deferredlazyseek.o)
 .comment       0x0000000000000049       0x4a /opt/mcuxpresso-ide/ide/plugins/com.nxp.mcuxpresso.tools.linux_11.7.1.202301190959/tools/bin/../lib/gcc/arm-none-eabi/10.3.1/../../../../arm-none-eabi/lib/thumb/v7e-m+fp/hard/libcr_nohost_nf.a(__ciob.o)
 .comment       0x0000000000000049       0x4a /opt/mcuxpresso-ide/ide/plugins/com.nxp.mcuxpresso.tools.linux_11.7.1.202301190959/tools/bin/../lib/gcc/arm-none-eabi/10.3.1/../../../../arm-none-eabi/lib/thumb/v7e-m+fp/hard/libcr_nohost_nf.a(__sys_close.o)
 .comment       0x0000000000000049       0x4a /opt/mcuxpresso-ide/ide/plugins/com.nxp.mcuxpresso.tools.linux_11.7.1.202301190959/tools/bin/../lib/gcc/arm-none-eabi/10.3.1/../../../../arm-none-eabi/lib/thumb/v7e-m+fp/hard/libcr_nohost_nf.a(__sys_flen.o)
 .comment       0x0000000000000049       0x4a /opt/mcuxpresso-ide/ide/plugins/com.nxp.mcuxpresso.tools.linux_11.7.1.202301190959/tools/bin/../lib/gcc/arm-none-eabi/10.3.1/../../../../arm-none-eabi/lib/thumb/v7e-m+fp/hard/libcr_nohost_nf.a(__sys_istty.o)
 .comment       0x0000000000000049       0x4a /opt/mcuxpresso-ide/ide/plugins/com.nxp.mcuxpresso.tools.linux_11.7.1.202301190959/tools/bin/../lib/gcc/arm-none-eabi/10.3.1/../../../../arm-none-eabi/lib/thumb/v7e-m+fp/hard/libcr_nohost_nf.a(__sys_remove.o)
 .comment       0x0000000000000049       0x4a /opt/mcuxpresso-ide/ide/plugins/com.nxp.mcuxpresso.tools.linux_11.7.1.202301190959/tools/bin/../lib/gcc/arm-none-eabi/10.3.1/../../../../arm-none-eabi/lib/thumb/v7e-m+fp/hard/libcr_nohost_nf.a(__sys_seek.o)
 .comment       0x0000000000000049       0x4a /opt/mcuxpresso-ide/ide/plugins/com.nxp.mcuxpresso.tools.linux_11.7.1.202301190959/tools/bin/../lib/gcc/arm-none-eabi/10.3.1/../../../../arm-none-eabi/lib/thumb/v7e-m+fp/hard/libcr_nohost_nf.a(__sys_tmpnam.o)
 .comment       0x0000000000000049       0x4a /opt/mcuxpresso-ide/ide/plugins/com.nxp.mcuxpresso.tools.linux_11.7.1.202301190959/tools/bin/../lib/gcc/arm-none-eabi/10.3.1/../../../../arm-none-eabi/lib/thumb/v7e-m+fp/hard/libcr_nohost_nf.a(__sys_write.o)

.ARM.attributes
                0x0000000000000000       0x32
 .ARM.attributes
                0x0000000000000000       0x34 ./utilities/fsl_assert.o
 .ARM.attributes
                0x0000000000000034       0x34 ./utilities/fsl_debug_console.o
 .ARM.attributes
                0x0000000000000068       0x34 ./startup/startup_mk64f12.o
 .ARM.attributes
                0x000000000000009c       0x34 ./source/hello_world.o
 .ARM.attributes
                0x00000000000000d0       0x34 ./source/semihost_hardfault.o
 .ARM.attributes
                0x0000000000000104       0x34 ./drivers/fsl_clock.o
 .ARM.attributes
                0x0000000000000138       0x34 ./drivers/fsl_uart.o
 .ARM.attributes
                0x000000000000016c       0x34 ./device/system_MK64F12.o
 .ARM.attributes
                0x00000000000001a0       0x34 ./component/uart/fsl_adapter_uart.o
 .ARM.attributes
                0x00000000000001d4       0x34 ./board/board.o
 .ARM.attributes
                0x0000000000000208       0x34 ./board/clock_config.o
 .ARM.attributes
                0x000000000000023c       0x34 ./board/pin_mux.o
 .ARM.attributes
                0x0000000000000270       0x34 /opt/mcuxpresso-ide/ide/plugins/com.nxp.mcuxpresso.tools.linux_11.7.1.202301190959/tools/bin/../lib/gcc/arm-none-eabi/10.3.1/../../../../arm-none-eabi/lib/thumb/v7e-m+fp/hard/libcr_nohost_nf.a(_cr__main.o)
 .ARM.attributes
                0x00000000000002a4       0x34 /opt/mcuxpresso-ide/ide/plugins/com.nxp.mcuxpresso.tools.linux_11.7.1.202301190959/tools/bin/../lib/gcc/arm-none-eabi/10.3.1/../../../../arm-none-eabi/lib/thumb/v7e-m+fp/hard/libcr_c.a(memcpy.o)
 .ARM.attributes
                0x00000000000002d8       0x34 /opt/mcuxpresso-ide/ide/plugins/com.nxp.mcuxpresso.tools.linux_11.7.1.202301190959/tools/bin/../lib/gcc/arm-none-eabi/10.3.1/../../../../arm-none-eabi/lib/thumb/v7e-m+fp/hard/libcr_c.a(memset.o)
 .ARM.attributes
                0x000000000000030c       0x34 /opt/mcuxpresso-ide/ide/plugins/com.nxp.mcuxpresso.tools.linux_11.7.1.202301190959/tools/bin/../lib/gcc/arm-none-eabi/10.3.1/../../../../arm-none-eabi/lib/thumb/v7e-m+fp/hard/libcr_c.a(alloc.o)
 .ARM.attributes
                0x0000000000000340       0x34 /opt/mcuxpresso-ide/ide/plugins/com.nxp.mcuxpresso.tools.linux_11.7.1.202301190959/tools/bin/../lib/gcc/arm-none-eabi/10.3.1/../../../../arm-none-eabi/lib/thumb/v7e-m+fp/hard/libcr_c.a(initio.o)
 .ARM.attributes
                0x0000000000000374       0x34 /opt/mcuxpresso-ide/ide/plugins/com.nxp.mcuxpresso.tools.linux_11.7.1.202301190959/tools/bin/../lib/gcc/arm-none-eabi/10.3.1/../../../../arm-none-eabi/lib/thumb/v7e-m+fp/hard/libcr_c.a(setvbuf.o)
 .ARM.attributes
                0x00000000000003a8       0x34 /opt/mcuxpresso-ide/ide/plugins/com.nxp.mcuxpresso.tools.linux_11.7.1.202301190959/tools/bin/../lib/gcc/arm-none-eabi/10.3.1/../../../../arm-none-eabi/lib/thumb/v7e-m+fp/hard/libcr_c.a(strlen.o)
 .ARM.attributes
                0x00000000000003dc       0x34 /opt/mcuxpresso-ide/ide/plugins/com.nxp.mcuxpresso.tools.linux_11.7.1.202301190959/tools/bin/../lib/gcc/arm-none-eabi/10.3.1/../../../../arm-none-eabi/lib/thumb/v7e-m+fp/hard/libcr_c.a(_fdopen.o)
 .ARM.attributes
                0x0000000000000410       0x34 /opt/mcuxpresso-ide/ide/plugins/com.nxp.mcuxpresso.tools.linux_11.7.1.202301190959/tools/bin/../lib/gcc/arm-none-eabi/10.3.1/../../../../arm-none-eabi/lib/thumb/v7e-m+fp/hard/libcr_c.a(errno.o)
 .ARM.attributes
                0x0000000000000444       0x34 /opt/mcuxpresso-ide/ide/plugins/com.nxp.mcuxpresso.tools.linux_11.7.1.202301190959/tools/bin/../lib/gcc/arm-none-eabi/10.3.1/../../../../arm-none-eabi/lib/thumb/v7e-m+fp/hard/libcr_c.a(fclose.o)
 .ARM.attributes
                0x0000000000000478       0x34 /opt/mcuxpresso-ide/ide/plugins/com.nxp.mcuxpresso.tools.linux_11.7.1.202301190959/tools/bin/../lib/gcc/arm-none-eabi/10.3.1/../../../../arm-none-eabi/lib/thumb/v7e-m+fp/hard/libcr_c.a(fflush.o)
 .ARM.attributes
                0x00000000000004ac       0x34 /opt/mcuxpresso-ide/ide/plugins/com.nxp.mcuxpresso.tools.linux_11.7.1.202301190959/tools/bin/../lib/gcc/arm-none-eabi/10.3.1/../../../../arm-none-eabi/lib/thumb/v7e-m+fp/hard/libcr_c.a(fseek.o)
 .ARM.attributes
                0x00000000000004e0       0x34 /opt/mcuxpresso-ide/ide/plugins/com.nxp.mcuxpresso.tools.linux_11.7.1.202301190959/tools/bin/../lib/gcc/arm-none-eabi/10.3.1/../../../../arm-none-eabi/lib/thumb/v7e-m+fp/hard/libcr_c.a(ftell.o)
 .ARM.attributes
                0x0000000000000514       0x34 /opt/mcuxpresso-ide/ide/plugins/com.nxp.mcuxpresso.tools.linux_11.7.1.202301190959/tools/bin/../lib/gcc/arm-none-eabi/10.3.1/../../../../arm-none-eabi/lib/thumb/v7e-m+fp/hard/libcr_c.a(remove.o)
 .ARM.attributes
                0x0000000000000548       0x34 /opt/mcuxpresso-ide/ide/plugins/com.nxp.mcuxpresso.tools.linux_11.7.1.202301190959/tools/bin/../lib/gcc/arm-none-eabi/10.3.1/../../../../arm-none-eabi/lib/thumb/v7e-m+fp/hard/libcr_c.a(_do_fflush.o)
 .ARM.attributes
                0x000000000000057c       0x34 /opt/mcuxpresso-ide/ide/plugins/com.nxp.mcuxpresso.tools.linux_11.7.1.202301190959/tools/bin/../lib/gcc/arm-none-eabi/10.3.1/../../../../arm-none-eabi/lib/thumb/v7e-m+fp/hard/libcr_c.a(_fflush.o)
 .ARM.attributes
                0x00000000000005b0       0x34 /opt/mcuxpresso-ide/ide/plugins/com.nxp.mcuxpresso.tools.linux_11.7.1.202301190959/tools/bin/../lib/gcc/arm-none-eabi/10.3.1/../../../../arm-none-eabi/lib/thumb/v7e-m+fp/hard/libcr_c.a(_writebuf.o)
 .ARM.attributes
                0x00000000000005e4       0x34 /opt/mcuxpresso-ide/ide/plugins/com.nxp.mcuxpresso.tools.linux_11.7.1.202301190959/tools/bin/../lib/gcc/arm-none-eabi/10.3.1/../../../../arm-none-eabi/lib/thumb/v7e-m+fp/hard/libcr_c.a(_deferredlazyseek.o)
 .ARM.attributes
                0x0000000000000618       0x20 /opt/mcuxpresso-ide/ide/plugins/com.nxp.mcuxpresso.tools.linux_11.7.1.202301190959/tools/bin/../lib/gcc/arm-none-eabi/10.3.1/thumb/v7e-m+fp/hard/libcr_eabihelpers.a(memcpy.o)
 .ARM.attributes
                0x0000000000000638       0x34 /opt/mcuxpresso-ide/ide/plugins/com.nxp.mcuxpresso.tools.linux_11.7.1.202301190959/tools/bin/../lib/gcc/arm-none-eabi/10.3.1/../../../../arm-none-eabi/lib/thumb/v7e-m+fp/hard/libcr_nohost_nf.a(__ciob.o)
 .ARM.attributes
                0x000000000000066c       0x34 /opt/mcuxpresso-ide/ide/plugins/com.nxp.mcuxpresso.tools.linux_11.7.1.202301190959/tools/bin/../lib/gcc/arm-none-eabi/10.3.1/../../../../arm-none-eabi/lib/thumb/v7e-m+fp/hard/libcr_nohost_nf.a(__sys_close.o)
 .ARM.attributes
                0x00000000000006a0       0x34 /opt/mcuxpresso-ide/ide/plugins/com.nxp.mcuxpresso.tools.linux_11.7.1.202301190959/tools/bin/../lib/gcc/arm-none-eabi/10.3.1/../../../../arm-none-eabi/lib/thumb/v7e-m+fp/hard/libcr_nohost_nf.a(__sys_flen.o)
 .ARM.attributes
                0x00000000000006d4       0x34 /opt/mcuxpresso-ide/ide/plugins/com.nxp.mcuxpresso.tools.linux_11.7.1.202301190959/tools/bin/../lib/gcc/arm-none-eabi/10.3.1/../../../../arm-none-eabi/lib/thumb/v7e-m+fp/hard/libcr_nohost_nf.a(__sys_istty.o)
 .ARM.attributes
                0x0000000000000708       0x34 /opt/mcuxpresso-ide/ide/plugins/com.nxp.mcuxpresso.tools.linux_11.7.1.202301190959/tools/bin/../lib/gcc/arm-none-eabi/10.3.1/../../../../arm-none-eabi/lib/thumb/v7e-m+fp/hard/libcr_nohost_nf.a(__sys_remove.o)
 .ARM.attributes
                0x000000000000073c       0x34 /opt/mcuxpresso-ide/ide/plugins/com.nxp.mcuxpresso.tools.linux_11.7.1.202301190959/tools/bin/../lib/gcc/arm-none-eabi/10.3.1/../../../../arm-none-eabi/lib/thumb/v7e-m+fp/hard/libcr_nohost_nf.a(__sys_seek.o)
 .ARM.attributes
                0x0000000000000770       0x34 /opt/mcuxpresso-ide/ide/plugins/com.nxp.mcuxpresso.tools.linux_11.7.1.202301190959/tools/bin/../lib/gcc/arm-none-eabi/10.3.1/../../../../arm-none-eabi/lib/thumb/v7e-m+fp/hard/libcr_nohost_nf.a(__sys_tmpnam.o)
 .ARM.attributes
                0x00000000000007a4       0x34 /opt/mcuxpresso-ide/ide/plugins/com.nxp.mcuxpresso.tools.linux_11.7.1.202301190959/tools/bin/../lib/gcc/arm-none-eabi/10.3.1/../../../../arm-none-eabi/lib/thumb/v7e-m+fp/hard/libcr_nohost_nf.a(__sys_write.o)

.debug_frame    0x0000000000000000     0x1ec4
 .debug_frame   0x0000000000000000       0x30 ./utilities/fsl_assert.o
 .debug_frame   0x0000000000000030      0x1f8 ./utilities/fsl_debug_console.o
 .debug_frame   0x0000000000000228      0x8fc ./startup/startup_mk64f12.o
 .debug_frame   0x0000000000000b24       0x30 ./source/hello_world.o
 .debug_frame   0x0000000000000b54       0x20 ./source/semihost_hardfault.o
 .debug_frame   0x0000000000000b74      0x890 ./drivers/fsl_clock.o
 .debug_frame   0x0000000000001404      0x74c ./drivers/fsl_uart.o
 .debug_frame   0x0000000000001b50       0x74 ./device/system_MK64F12.o
 .debug_frame   0x0000000000001bc4      0x110 ./component/uart/fsl_adapter_uart.o
 .debug_frame   0x0000000000001cd4       0x34 ./board/board.o
 .debug_frame   0x0000000000001d08      0x124 ./board/clock_config.o
 .debug_frame   0x0000000000001e2c       0x98 ./board/pin_mux.o

Cross Reference Table

Symbol                                            File
ADC0_DriverIRQHandler                             ./startup/startup_mk64f12.o
ADC0_IRQHandler                                   ./startup/startup_mk64f12.o
ADC1_DriverIRQHandler                             ./startup/startup_mk64f12.o
ADC1_IRQHandler                                   ./startup/startup_mk64f12.o
BOARD_BootClockRUN                                ./board/clock_config.o
BOARD_BootClockVLPR                               ./board/clock_config.o
BOARD_InitBootClocks                              ./board/clock_config.o
                                                  ./source/hello_world.o
BOARD_InitBootPins                                ./board/pin_mux.o
                                                  ./source/hello_world.o
BOARD_InitDebugConsole                            ./board/board.o
                                                  ./source/hello_world.o
BOARD_InitPins                                    ./board/pin_mux.o
BusFault_Handler                                  ./startup/startup_mk64f12.o
CAN0_Bus_Off_IRQHandler                           ./startup/startup_mk64f12.o
CAN0_DriverIRQHandler                             ./startup/startup_mk64f12.o
CAN0_Error_IRQHandler                             ./startup/startup_mk64f12.o
CAN0_ORed_Message_buffer_IRQHandler               ./startup/startup_mk64f12.o
CAN0_Rx_Warning_IRQHandler                        ./startup/startup_mk64f12.o
CAN0_Tx_Warning_IRQHandler                        ./startup/startup_mk64f12.o
CAN0_Wake_Up_IRQHandler                           ./startup/startup_mk64f12.o
CLOCK_BootToBlpeMode                              ./drivers/fsl_clock.o
CLOCK_BootToBlpiMode                              ./drivers/fsl_clock.o
                                                  ./board/clock_config.o
CLOCK_BootToFeeMode                               ./drivers/fsl_clock.o
CLOCK_BootToFeiMode                               ./drivers/fsl_clock.o
CLOCK_BootToPeeMode                               ./drivers/fsl_clock.o
                                                  ./board/clock_config.o
CLOCK_CalcPllDiv                                  ./drivers/fsl_clock.o
CLOCK_ClearStatusFlags                            ./drivers/fsl_clock.o
CLOCK_DeinitOsc0                                  ./drivers/fsl_clock.o
CLOCK_EnablePll0                                  ./drivers/fsl_clock.o
CLOCK_EnableUsbfs0Clock                           ./drivers/fsl_clock.o
CLOCK_ExternalModeToFbeModeQuick                  ./drivers/fsl_clock.o
CLOCK_GetBusClkFreq                               ./drivers/fsl_clock.o
CLOCK_GetCoreSysClkFreq                           ./drivers/fsl_clock.o
                                                  ./board/board.o
CLOCK_GetEr32kClkFreq                             ./drivers/fsl_clock.o
CLOCK_GetFixedFreqClkFreq                         ./drivers/fsl_clock.o
CLOCK_GetFlashClkFreq                             ./drivers/fsl_clock.o
CLOCK_GetFlexBusClkFreq                           ./drivers/fsl_clock.o
CLOCK_GetFllFreq                                  ./drivers/fsl_clock.o
CLOCK_GetFreq                                     ./drivers/fsl_clock.o
CLOCK_GetInternalRefClkFreq                       ./drivers/fsl_clock.o
CLOCK_GetMode                                     ./drivers/fsl_clock.o
CLOCK_GetOsc0ErClkFreq                            ./drivers/fsl_clock.o
CLOCK_GetOutClkFreq                               ./drivers/fsl_clock.o
CLOCK_GetPlatClkFreq                              ./drivers/fsl_clock.o
CLOCK_GetPll0Freq                                 ./drivers/fsl_clock.o
CLOCK_GetPllFllSelClkFreq                         ./drivers/fsl_clock.o
CLOCK_GetStatusFlags                              ./drivers/fsl_clock.o
CLOCK_InitOsc0                                    ./drivers/fsl_clock.o
                                                  ./board/clock_config.o
CLOCK_InternalModeToFbiModeQuick                  ./drivers/fsl_clock.o
CLOCK_SetBlpeMode                                 ./drivers/fsl_clock.o
CLOCK_SetBlpiMode                                 ./drivers/fsl_clock.o
CLOCK_SetExternalRefClkConfig                     ./drivers/fsl_clock.o
CLOCK_SetFastIrcFreq                              ./drivers/fsl_clock.o
CLOCK_SetFbeMode                                  ./drivers/fsl_clock.o
CLOCK_SetFbiMode                                  ./drivers/fsl_clock.o
CLOCK_SetFeeMode                                  ./drivers/fsl_clock.o
CLOCK_SetFeiMode                                  ./drivers/fsl_clock.o
CLOCK_SetInternalRefClkConfig                     ./drivers/fsl_clock.o
                                                  ./board/clock_config.o
CLOCK_SetMcgConfig                                ./drivers/fsl_clock.o
CLOCK_SetOsc0MonitorMode                          ./drivers/fsl_clock.o
CLOCK_SetPbeMode                                  ./drivers/fsl_clock.o
CLOCK_SetPeeMode                                  ./drivers/fsl_clock.o
CLOCK_SetPll0MonitorMode                          ./drivers/fsl_clock.o
CLOCK_SetRtcOscMonitorMode                        ./drivers/fsl_clock.o
CLOCK_SetSimConfig                                ./drivers/fsl_clock.o
                                                  ./board/clock_config.o
CLOCK_SetSlowIrcFreq                              ./drivers/fsl_clock.o
CLOCK_TrimInternalRefClk                          ./drivers/fsl_clock.o
CMP0_DriverIRQHandler                             ./startup/startup_mk64f12.o
CMP0_IRQHandler                                   ./startup/startup_mk64f12.o
CMP1_DriverIRQHandler                             ./startup/startup_mk64f12.o
CMP1_IRQHandler                                   ./startup/startup_mk64f12.o
CMP2_DriverIRQHandler                             ./startup/startup_mk64f12.o
CMP2_IRQHandler                                   ./startup/startup_mk64f12.o
CMT_DriverIRQHandler                              ./startup/startup_mk64f12.o
CMT_IRQHandler                                    ./startup/startup_mk64f12.o
DAC0_DriverIRQHandler                             ./startup/startup_mk64f12.o
DAC0_IRQHandler                                   ./startup/startup_mk64f12.o
DAC1_DriverIRQHandler                             ./startup/startup_mk64f12.o
DAC1_IRQHandler                                   ./startup/startup_mk64f12.o
DMA0_DriverIRQHandler                             ./startup/startup_mk64f12.o
DMA0_IRQHandler                                   ./startup/startup_mk64f12.o
DMA10_DriverIRQHandler                            ./startup/startup_mk64f12.o
DMA10_IRQHandler                                  ./startup/startup_mk64f12.o
DMA11_DriverIRQHandler                            ./startup/startup_mk64f12.o
DMA11_IRQHandler                                  ./startup/startup_mk64f12.o
DMA12_DriverIRQHandler                            ./startup/startup_mk64f12.o
DMA12_IRQHandler                                  ./startup/startup_mk64f12.o
DMA13_DriverIRQHandler                            ./startup/startup_mk64f12.o
DMA13_IRQHandler                                  ./startup/startup_mk64f12.o
DMA14_DriverIRQHandler                            ./startup/startup_mk64f12.o
DMA14_IRQHandler                                  ./startup/startup_mk64f12.o
DMA15_DriverIRQHandler                            ./startup/startup_mk64f12.o
DMA15_IRQHandler                                  ./startup/startup_mk64f12.o
DMA1_DriverIRQHandler                             ./startup/startup_mk64f12.o
DMA1_IRQHandler                                   ./startup/startup_mk64f12.o
DMA2_DriverIRQHandler                             ./startup/startup_mk64f12.o
DMA2_IRQHandler                                   ./startup/startup_mk64f12.o
DMA3_DriverIRQHandler                             ./startup/startup_mk64f12.o
DMA3_IRQHandler                                   ./startup/startup_mk64f12.o
DMA4_DriverIRQHandler                             ./startup/startup_mk64f12.o
DMA4_IRQHandler                                   ./startup/startup_mk64f12.o
DMA5_DriverIRQHandler                             ./startup/startup_mk64f12.o
DMA5_IRQHandler                                   ./startup/startup_mk64f12.o
DMA6_DriverIRQHandler                             ./startup/startup_mk64f12.o
DMA6_IRQHandler                                   ./startup/startup_mk64f12.o
DMA7_DriverIRQHandler                             ./startup/startup_mk64f12.o
DMA7_IRQHandler                                   ./startup/startup_mk64f12.o
DMA8_DriverIRQHandler                             ./startup/startup_mk64f12.o
DMA8_IRQHandler                                   ./startup/startup_mk64f12.o
DMA9_DriverIRQHandler                             ./startup/startup_mk64f12.o
DMA9_IRQHandler                                   ./startup/startup_mk64f12.o